Archive member included because of file (symbol)

E:\bahan mata kuliah politeknik telkom\ganjil 2013-2014\Sistem Interoperabilitas\Project Arduino\NanoUIP\build\/lib_uno_16.a(httpd.cpp.o)
                              build\NanoUIP.o (httpd_init())
E:\bahan mata kuliah politeknik telkom\ganjil 2013-2014\Sistem Interoperabilitas\Project Arduino\NanoUIP\build\/lib_uno_16.a(NanodeUIP.cpp.o)
                              build\NanoUIP.o (uip)
E:\bahan mata kuliah politeknik telkom\ganjil 2013-2014\Sistem Interoperabilitas\Project Arduino\NanoUIP\build\/lib_uno_16.a(platform.cpp.o)
                              E:\bahan mata kuliah politeknik telkom\ganjil 2013-2014\Sistem Interoperabilitas\Project Arduino\NanoUIP\build\/lib_uno_16.a(httpd.cpp.o) (uip_log_P(char const*))
E:\bahan mata kuliah politeknik telkom\ganjil 2013-2014\Sistem Interoperabilitas\Project Arduino\NanoUIP\build\/lib_uno_16.a(psock.cpp.o)
                              E:\bahan mata kuliah politeknik telkom\ganjil 2013-2014\Sistem Interoperabilitas\Project Arduino\NanoUIP\build\/lib_uno_16.a(httpd.cpp.o) (psock_datalen(psock*))
E:\bahan mata kuliah politeknik telkom\ganjil 2013-2014\Sistem Interoperabilitas\Project Arduino\NanoUIP\build\/lib_uno_16.a(resolv.cpp.o)
                              E:\bahan mata kuliah politeknik telkom\ganjil 2013-2014\Sistem Interoperabilitas\Project Arduino\NanoUIP\build\/lib_uno_16.a(NanodeUIP.cpp.o) (resolv_init())
E:\bahan mata kuliah politeknik telkom\ganjil 2013-2014\Sistem Interoperabilitas\Project Arduino\NanoUIP\build\/lib_uno_16.a(timer.cpp.o)
                              E:\bahan mata kuliah politeknik telkom\ganjil 2013-2014\Sistem Interoperabilitas\Project Arduino\NanoUIP\build\/lib_uno_16.a(NanodeUIP.cpp.o) (timer_reset(timer*))
E:\bahan mata kuliah politeknik telkom\ganjil 2013-2014\Sistem Interoperabilitas\Project Arduino\NanoUIP\build\/lib_uno_16.a(uip.cpp.o)
                              E:\bahan mata kuliah politeknik telkom\ganjil 2013-2014\Sistem Interoperabilitas\Project Arduino\NanoUIP\build\/lib_uno_16.a(NanodeUIP.cpp.o) (uip_buf)
E:\bahan mata kuliah politeknik telkom\ganjil 2013-2014\Sistem Interoperabilitas\Project Arduino\NanoUIP\build\/lib_uno_16.a(uip_arp.cpp.o)
                              E:\bahan mata kuliah politeknik telkom\ganjil 2013-2014\Sistem Interoperabilitas\Project Arduino\NanoUIP\build\/lib_uno_16.a(NanodeUIP.cpp.o) (uip_arp_arpin())
E:\bahan mata kuliah politeknik telkom\ganjil 2013-2014\Sistem Interoperabilitas\Project Arduino\NanoUIP\build\/lib_uno_16.a(webclient-strings.c.o)
                              E:\bahan mata kuliah politeknik telkom\ganjil 2013-2014\Sistem Interoperabilitas\Project Arduino\NanoUIP\build\/lib_uno_16.a(httpd.cpp.o) (http_404_html)
E:\bahan mata kuliah politeknik telkom\ganjil 2013-2014\Sistem Interoperabilitas\Project Arduino\NanoUIP\build\/lib_uno_16.a(dhcpc.cpp.o)
                              E:\bahan mata kuliah politeknik telkom\ganjil 2013-2014\Sistem Interoperabilitas\Project Arduino\NanoUIP\build\/lib_uno_16.a(NanodeUIP.cpp.o) (dhcpc_init(void const*, int))
E:\bahan mata kuliah politeknik telkom\ganjil 2013-2014\Sistem Interoperabilitas\Project Arduino\NanoUIP\build\/lib_uno_16.a(enc28j60.cpp.o)
                              E:\bahan mata kuliah politeknik telkom\ganjil 2013-2014\Sistem Interoperabilitas\Project Arduino\NanoUIP\build\/lib_uno_16.a(NanodeUIP.cpp.o) (enc28j60SpiInit())
E:\bahan mata kuliah politeknik telkom\ganjil 2013-2014\Sistem Interoperabilitas\Project Arduino\NanoUIP\build\/core_uno_16.a(HardwareSerial.cpp.o)
                              build\httpd_fs.o (Serial)
E:\bahan mata kuliah politeknik telkom\ganjil 2013-2014\Sistem Interoperabilitas\Project Arduino\NanoUIP\build\/core_uno_16.a(main.cpp.o)
                              e:/codeblocks-arduino baru/codeblocks/bin/../lib/gcc/avr/4.3.3/../../../../avr/lib/avr5/crtm328p.o (main)
E:\bahan mata kuliah politeknik telkom\ganjil 2013-2014\Sistem Interoperabilitas\Project Arduino\NanoUIP\build\/core_uno_16.a(new.cpp.o)
                              E:\bahan mata kuliah politeknik telkom\ganjil 2013-2014\Sistem Interoperabilitas\Project Arduino\NanoUIP\build\/core_uno_16.a(HardwareSerial.cpp.o) (__cxa_pure_virtual)
E:\bahan mata kuliah politeknik telkom\ganjil 2013-2014\Sistem Interoperabilitas\Project Arduino\NanoUIP\build\/core_uno_16.a(Print.cpp.o)
                              E:\bahan mata kuliah politeknik telkom\ganjil 2013-2014\Sistem Interoperabilitas\Project Arduino\NanoUIP\build\/core_uno_16.a(HardwareSerial.cpp.o) (Print::write(unsigned char const*, unsigned int))
E:\bahan mata kuliah politeknik telkom\ganjil 2013-2014\Sistem Interoperabilitas\Project Arduino\NanoUIP\build\/core_uno_16.a(wiring.c.o)
                              build\NanoUIP.o (millis)
E:\bahan mata kuliah politeknik telkom\ganjil 2013-2014\Sistem Interoperabilitas\Project Arduino\NanoUIP\build\/core_uno_16.a(wiring_analog.c.o)
[...]
Memory Configuration

Name             Origin             Length             Attributes
text             0x00000000         0x00020000         xr
data             0x00800060         0x0000ffa0         rw !x
eeprom           0x00810000         0x00010000         rw !x
fuse             0x00820000         0x00000400         rw !x
lock             0x00830000         0x00000400         rw !x
signature        0x00840000         0x00000400         rw !x
*default*        0x00000000         0xffffffff

Linker script and memory map

Address of section .data set to 0x800100
LOAD e:/codeblocks-arduino baru/codeblocks/bin/../lib/gcc/avr/4.3.3/../../../../avr/lib/avr5/crtm328p.o
LOAD build\fs.o
LOAD build\httpd_cgi.o
LOAD build\httpd_fs.o
LOAD build\NanoUIP.o
LOAD E:\bahan mata kuliah politeknik telkom\ganjil 2013-2014\Sistem Interoperabilitas\Project Arduino\NanoUIP\build\/lib_uno_16.a
LOAD E:\bahan mata kuliah politeknik telkom\ganjil 2013-2014\Sistem Interoperabilitas\Project Arduino\NanoUIP\build\/core_uno_16.a
LOAD e:/codeblocks-arduino baru/codeblocks/bin/../lib/gcc/avr/4.3.3/../../../../avr/lib/avr5\libm.a
LOAD e:/codeblocks-arduino baru/codeblocks/bin/../lib/gcc/avr/4.3.3/avr5\libgcc.a
LOAD e:/codeblocks-arduino baru/codeblocks/bin/../lib/gcc/avr/4.3.3/../../../../avr/lib/avr5\libc.a
LOAD e:/codeblocks-arduino baru/codeblocks/bin/../lib/gcc/avr/4.3.3/avr5\libgcc.a

.hash
 *(.hash)

.dynsym
 *(.dynsym)

.dynstr
 *(.dynstr)

.gnu.version
 *(.gnu.version)

.gnu.version_d
 *(.gnu.version_d)

.gnu.version_r
 *(.gnu.version_r)

.rel.init
 *(.rel.init)

.rela.init
 *(.rela.init)

.rel.text
 *(.rel.text)
 *(.rel.text.*)
 *(.rel.gnu.linkonce.t*)

.rela.text
 *(.rela.text)
 *(.rela.text.*)
 *(.rela.gnu.linkonce.t*)

.rel.fini
 *(.rel.fini)

.rela.fini
 *(.rela.fini)

.rel.rodata
 *(.rel.rodata)
 *(.rel.rodata.*)
 *(.rel.gnu.linkonce.r*)

.rela.rodata
 *(.rela.rodata)
 *(.rela.rodata.*)
 *(.rela.gnu.linkonce.r*)

.rel.data
 *(.rel.data)
 *(.rel.data.*)
 *(.rel.gnu.linkonce.d*)

.rela.data
 *(.rela.data)
 *(.rela.data.*)
 *(.rela.gnu.linkonce.d*)

.rel.ctors
 *(.rel.ctors)

.rela.ctors
 *(.rela.ctors)

.rel.dtors
 *(.rel.dtors)

.rela.dtors
 *(.rela.dtors)

.rel.got
 *(.rel.got)

.rela.got
 *(.rela.got)

.rel.bss
 *(.rel.bss)

.rela.bss
 *(.rela.bss)

.rel.plt
 *(.rel.plt)

.rela.plt
 *(.rela.plt)

.text           0x00000000     0x712e
 *(.vectors)
 .vectors       0x00000000       0x68 e:/codeblocks-arduino baru/codeblocks/bin/../lib/gcc/avr/4.3.3/../../../../avr/lib/avr5/crtm328p.o
                0x00000000                __vectors
                0x00000000                __vector_default
 *(.vectors)
 *(.progmem.gcc*)
 *(.progmem*)
 .progmem.data  0x00000068     0x1133 build\fs.o
                0x00000f1b                ok_txt
                0x000008f7                credits_shtml_len
                0x00000276                buttons_list_shtml
                0x00000274                header_html_len
                0x00000d3e                sensors_list_shtml_len
                0x00000d2c                lights_shtml_len
                0x00000d40                sensors_shtml
                0x00000d2e                sensors_list_shtml
                0x00000bec                lights_shtml
                0x00000286                buttons_list_shtml_len
                0x00000068                footer_html
                0x0000007a                header_html
                0x00000f0e                set_pin_shtml
                0x000008f9                index_shtml
                0x0000044c                buttons_shtml_len
                0x00000f19                set_pin_shtml_len
                0x00000288                buttons_shtml
                0x00000078                footer_html_len
                0x00000f21                index_js
                0x00000bea                index_shtml_len
                0x00001199                index_js_len
                0x0000044e                credits_shtml
                0x00000f1f                ok_txt_len
                0x00000f0c                sensors_shtml_len
 .progmem.data  0x0000119b      0x1b2 build\httpd_cgi.o
 .progmem.data  0x0000134d      0x11c build\httpd_fs.o
 .progmem.data  0x00001469       0xe2 build\NanoUIP.o
 .progmem       0x0000154b       0xf6 E:\bahan mata kuliah politeknik telkom\ganjil 2013-2014\Sistem Interoperabilitas\Project Arduino\NanoUIP\build\/lib_uno_16.a(httpd.cpp.o)
 .progmem       0x00001641       0x34 E:\bahan mata kuliah politeknik telkom\ganjil 2013-2014\Sistem Interoperabilitas\Project Arduino\NanoUIP\build\/lib_uno_16.a(NanodeUIP.cpp.o)
 .progmem       0x00001675      0x1b0 E:\bahan mata kuliah politeknik telkom\ganjil 2013-2014\Sistem Interoperabilitas\Project Arduino\NanoUIP\build\/lib_uno_16.a(uip.cpp.o)
 .progmem.data  0x00001825      0x267 E:\bahan mata kuliah politeknik telkom\ganjil 2013-2014\Sistem Interoperabilitas\Project Arduino\NanoUIP\build\/lib_uno_16.a(webclient-strings.c.o)
                0x00001a45                http_shtml
                0x000019f7                http_http
                0x00001825                http_10
                0x00001928                http_content_type_png
                0x0000189b                http_content_type_css
                0x00001a61                http_user_agent_fields
                0x00001a37                http_put
                0x00001a3c                http_referer
                0x000019a8                http_header_404
                0x000019ff                http_icy
                0x00001a0f                http_index_shtml
                0x00001a31                http_post
                0x0000183c                http_301
                0x0000190b                http_content_type_plain
                0x00001850                http_content_length
                0x00001a56                http_text
                0x000018d2                http_content_type_html
                0x00001a4c                http_texthtml
                0x000019e5                http_host
                0x000018b6                http_content_type_gif
                0x00001960                http_crnl
                0x00001968                http_get
                0x00001a21                http_location
                0x00001a1c                http_jpg
                0x00001963                http_css
                0x0000182e                http_11
                0x00001944                http_content_type_text
                0x00001841                http_302
                0x0000188c                http_content_type
                0x00001972                http_header_200
                0x00001a5c                http_txt
                0x000018ee                http_content_type_jpg
                0x000019f1                http_html
                0x00001a03                http_index_html
                0x00001a2c                http_png
                0x00001837                http_200
                0x00001846                http_404_html
                0x0000196d                http_gif
                0x00001861                http_content_type_binary
                0x000019ec                http_htm
 .progmem.data  0x00001a8c       0x5a E:\bahan mata kuliah politeknik telkom\ganjil 2013-2014\Sistem Interoperabilitas\Project Arduino\NanoUIP\build\/core_uno_16.a(wiring_digital.c.o)
                0x00001a8c                port_to_mode_PGM
                0x00001aaa                digital_pin_to_port_PGM
                0x00001abe                digital_pin_to_bit_mask_PGM
                0x00001a96                port_to_output_PGM
                0x00001aa0                port_to_input_PGM
                0x00001ad2                digital_pin_to_timer_PGM
                0x00001ae6                . = ALIGN (0x2)
                0x00001ae6                __trampolines_start = .
 *(.trampolines)
 .trampolines   0x00001ae6        0x0 linker stubs
 *(.trampolines*)
                0x00001ae6                __trampolines_end = .
 *(.jumptables)
 *(.jumptables*)
 *(.lowtext)
 *(.lowtext*)
                0x00001ae6                __ctors_start = .
 *(.ctors)
 .ctors         0x00001ae6        0x2 E:\bahan mata kuliah politeknik telkom\ganjil 2013-2014\Sistem Interoperabilitas\Project Arduino\NanoUIP\build\/lib_uno_16.a(NanodeUIP.cpp.o)
 .ctors         0x00001ae8        0x2 E:\bahan mata kuliah politeknik telkom\ganjil 2013-2014\Sistem Interoperabilitas\Project Arduino\NanoUIP\build\/core_uno_16.a(HardwareSerial.cpp.o)
                0x00001aea                __ctors_end = .
                0x00001aea                __dtors_start = .
 *(.dtors)
                0x00001aea                __dtors_end = .
 SORT(*)(.ctors)
 SORT(*)(.dtors)
 *(.init0)
 .init0         0x00001aea        0x0 e:/codeblocks-arduino baru/codeblocks/bin/../lib/gcc/avr/4.3.3/../../../../avr/lib/avr5/crtm328p.o
                0x00001aea                __init
 *(.init0)
 *(.init1)
 *(.init1)
 *(.init2)
 .init2         0x00001aea        0xc e:/codeblocks-arduino baru/codeblocks/bin/../lib/gcc/avr/4.3.3/../../../../avr/lib/avr5/crtm328p.o
 *(.init2)
 *(.init3)
 *(.init3)
 *(.init4)
 .init4         0x00001af6       0x16 e:/codeblocks-arduino baru/codeblocks/bin/../lib/gcc/avr/4.3.3/avr5\libgcc.a(_copy_data.o)
                0x00001af6                __do_copy_data
 .init4         0x00001b0c       0x10 e:/codeblocks-arduino baru/codeblocks/bin/../lib/gcc/avr/4.3.3/avr5\libgcc.a(_clear_bss.o)
                0x00001b0c                __do_clear_bss
 *(.init4)
 *(.init5)
 *(.init5)
 *(.init6)
 .init6         0x00001b1c       0x16 e:/codeblocks-arduino baru/codeblocks/bin/../lib/gcc/avr/4.3.3/avr5\libgcc.a(_ctors.o)
                0x00001b1c                __do_global_ctors
 *(.init6)
 *(.init7)
 *(.init7)
 *(.init8)
 *(.init8)
 *(.init9)
 .init9         0x00001b32        0x8 e:/codeblocks-arduino baru/codeblocks/bin/../lib/gcc/avr/4.3.3/../../../../avr/lib/avr5/crtm328p.o
 *(.init9)
 *(.text)
 .text          0x00001b3a        0x4 e:/codeblocks-arduino baru/codeblocks/bin/../lib/gcc/avr/4.3.3/../../../../avr/lib/avr5/crtm328p.o
                0x00001b3a                __vector_22
                0x00001b3a                __vector_1
                0x00001b3a                __vector_24
                0x00001b3a                __vector_12
                0x00001b3a                __bad_interrupt
                0x00001b3a                __vector_6
                0x00001b3a                __vector_3
                0x00001b3a                __vector_23
                0x00001b3a                __vector_25
                0x00001b3a                __vector_11
                0x00001b3a                __vector_13
                0x00001b3a                __vector_17
                0x00001b3a                __vector_7
                0x00001b3a                __vector_5
                0x00001b3a                __vector_4
                0x00001b3a                __vector_9
                0x00001b3a                __vector_2
                0x00001b3a                __vector_21
                0x00001b3a                __vector_15
                0x00001b3a                __vector_8
                0x00001b3a                __vector_14
                0x00001b3a                __vector_10
                0x00001b3a                __vector_20
 .text          0x00001b3e      0x204 e:/codeblocks-arduino baru/codeblocks/bin/../lib/gcc/avr/4.3.3/../../../../avr/lib/avr5\libc.a(malloc.o)
                0x00001b3e                malloc
                0x00001c92                free
 .text          0x00001d42       0x3c e:/codeblocks-arduino baru/codeblocks/bin/../lib/gcc/avr/4.3.3/../../../../avr/lib/avr5\libc.a(atoi.o)
                0x00001d42                atoi
 .text          0x00001d7e       0x12 e:/codeblocks-arduino baru/codeblocks/bin/../lib/gcc/avr/4.3.3/../../../../avr/lib/avr5\libc.a(memcpy_P.o)
                0x00001d7e                memcpy_P
 .text          0x00001d90       0x16 e:/codeblocks-arduino baru/codeblocks/bin/../lib/gcc/avr/4.3.3/../../../../avr/lib/avr5\libc.a(strchr_P.o)
                0x00001d90                strchr_P
 .text          0x00001da6       0x10 e:/codeblocks-arduino baru/codeblocks/bin/../lib/gcc/avr/4.3.3/../../../../avr/lib/avr5\libc.a(strchrnul_P.o)
                0x00001da6                strchrnul_P
 .text          0x00001db6        0xe e:/codeblocks-arduino baru/codeblocks/bin/../lib/gcc/avr/4.3.3/../../../../avr/lib/avr5\libc.a(strcpy_P.o)
                0x00001db6                strcpy_P
 .text          0x00001dc4       0x12 e:/codeblocks-arduino baru/codeblocks/bin/../lib/gcc/avr/4.3.3/../../../../avr/lib/avr5\libc.a(strlen_P.o)
                0x00001dc4                strlen_P
 .text          0x00001dd6       0x1c e:/codeblocks-arduino baru/codeblocks/bin/../lib/gcc/avr/4.3.3/../../../../avr/lib/avr5\libc.a(strncmp_P.o)
                0x00001dd6                strncmp_P
 .text          0x00001df2       0x1e e:/codeblocks-arduino baru/codeblocks/bin/../lib/gcc/avr/4.3.3/../../../../avr/lib/avr5\libc.a(strncpy_P.o)
                0x00001df2                strncpy_P
 .text          0x00001e10       0x1a e:/codeblocks-arduino baru/codeblocks/bin/../lib/gcc/avr/4.3.3/../../../../avr/lib/avr5\libc.a(memcmp.o)
                0x00001e10                memcmp
 .text          0x00001e2a       0x12 e:/codeblocks-arduino baru/codeblocks/bin/../lib/gcc/avr/4.3.3/../../../../avr/lib/avr5\libc.a(memcpy.o)
                0x00001e2a                memcpy
 .text          0x00001e3c        0xe e:/codeblocks-arduino baru/codeblocks/bin/../lib/gcc/avr/4.3.3/../../../../avr/lib/avr5\libc.a(memset.o)
                0x00001e3c                memset
 .text          0x00001e4a       0x16 e:/codeblocks-arduino baru/codeblocks/bin/../lib/gcc/avr/4.3.3/../../../../avr/lib/avr5\libc.a(strchr.o)
                0x00001e4a                strchr
 .text          0x00001e60       0x1e e:/codeblocks-arduino baru/codeblocks/bin/../lib/gcc/avr/4.3.3/../../../../avr/lib/avr5\libc.a(strncpy.o)
                0x00001e60                strncpy
 .text          0x00001e7e       0x16 e:/codeblocks-arduino baru/codeblocks/bin/../lib/gcc/avr/4.3.3/../../../../avr/lib/avr5\libc.a(strrchr.o)
                0x00001e7e                strrchr
 .text          0x00001e94       0x34 e:/codeblocks-arduino baru/codeblocks/bin/../lib/gcc/avr/4.3.3/../../../../avr/lib/avr5\libc.a(strstr.o)
                0x00001e94                strstr
 .text          0x00001ec8       0x10 e:/codeblocks-arduino baru/codeblocks/bin/../lib/gcc/avr/4.3.3/../../../../avr/lib/avr5\libc.a(mul10.o)
                0x00001ec8                __mulhi_const_10
 .text          0x00001ed8       0x98 e:/codeblocks-arduino baru/codeblocks/bin/../lib/gcc/avr/4.3.3/../../../../avr/lib/avr5\libc.a(fdevopen.o)
                0x00001ed8                fdevopen
 .text          0x00001f70       0x4c e:/codeblocks-arduino baru/codeblocks/bin/../lib/gcc/avr/4.3.3/../../../../avr/lib/avr5\libc.a(printf_p.o)
                0x00001f70                printf_P
 .text          0x00001fbc       0x62 e:/codeblocks-arduino baru/codeblocks/bin/../lib/gcc/avr/4.3.3/../../../../avr/lib/avr5\libc.a(snprintf_p.o)
                0x00001fbc                snprintf_P
 .text          0x0000201e       0x48 e:/codeblocks-arduino baru/codeblocks/bin/../lib/gcc/avr/4.3.3/../../../../avr/lib/avr5\libc.a(sprintf_p.o)
                0x0000201e                sprintf_P
 .text          0x00002066      0x3ba e:/codeblocks-arduino baru/codeblocks/bin/../lib/gcc/avr/4.3.3/../../../../avr/lib/avr5\libc.a(vfprintf_std.o)
                0x00002066                vfprintf
 .text          0x00002420       0x38 e:/codeblocks-arduino baru/codeblocks/bin/../lib/gcc/avr/4.3.3/../../../../avr/lib/avr5\libc.a(calloc.o)
                0x00002420                calloc
 .text          0x00002458       0x16 e:/codeblocks-arduino baru/codeblocks/bin/../lib/gcc/avr/4.3.3/../../../../avr/lib/avr5\libc.a(strnlen_P.o)
                0x00002458                strnlen_P
 .text          0x0000246e       0x16 e:/codeblocks-arduino baru/codeblocks/bin/../lib/gcc/avr/4.3.3/../../../../avr/lib/avr5\libc.a(strnlen.o)
                0x0000246e                strnlen
 .text          0x00002484       0x58 e:/codeblocks-arduino baru/codeblocks/bin/../lib/gcc/avr/4.3.3/../../../../avr/lib/avr5\libc.a(fputc.o)
                0x00002484                fputc
 .text          0x000024dc       0xbc e:/codeblocks-arduino baru/codeblocks/bin/../lib/gcc/avr/4.3.3/../../../../avr/lib/avr5\libc.a(ultoa_invert.o)
                0x000024dc                __ultoa_invert
                0x00002598                . = ALIGN (0x2)
 *(.text.*)
 .text._Z12cgi_registerPK9pin_def_tS1_S1_
                0x00002598       0x1a build\httpd_cgi.o
                0x00002598                cgi_register(pin_def_t const*, pin_def_t const*, pin_def_t const*)
 .text._ZL12nullfunctionP11httpd_statePc
                0x000025b2        0xa build\httpd_cgi.o
 .text._Z9httpd_cgiPc
                0x000025bc       0x60 build\httpd_cgi.o
                0x000025bc                httpd_cgi(char*)
 .text._ZL11lights_listP11httpd_statePc
                0x0000261c       0x88 build\httpd_cgi.o
 .text._ZL12sensors_listP11httpd_statePc
                0x000026a4       0x88 build\httpd_cgi.o
 .text._ZL12buttons_listP11httpd_statePc
                0x0000272c       0x88 build\httpd_cgi.o
 .text._ZL20generate_lights_listPv
                0x000027b4       0x8c build\httpd_cgi.o
 .text._ZL21generate_sensors_listPv
                0x00002840       0x9c build\httpd_cgi.o
 .text._ZL21generate_buttons_listPv
                0x000028dc       0xa8 build\httpd_cgi.o
 .text._ZL7set_pinP11httpd_statePc
                0x00002984       0xd0 build\httpd_cgi.o
 .text._ZL10toggle_pinP11httpd_statePc
                0x00002a54       0xa0 build\httpd_cgi.o
 .text._Z10strncmp_PPPKcS0_j
                0x00002af4       0x50 build\httpd_fs.o
                0x00002af4                strncmp_PP(char const*, char const*, unsigned int)
 .text._Z7log_PcrPKc
                0x00002b44       0x34 build\httpd_fs.o
                0x00002b44                log_Pcr(char const*)
 .text._Z15httpd_fs_open_PPKcP13httpd_fs_file
                0x00002b78       0xe6 build\httpd_fs.o
                0x00002b78                httpd_fs_open_P(char const*, httpd_fs_file*)
 .text._Z13httpd_fs_openPKcP13httpd_fs_file
                0x00002c5e       0xe2 build\httpd_fs.o
                0x00002c5e                httpd_fs_open(char const*, httpd_fs_file*)
 .text.loop     0x00002d40       0x44 build\NanoUIP.o
                0x00002d40                loop
 .text._ZL11dhcp_statusiPKj
                0x00002d84       0xa0 build\NanoUIP.o
 .text._Z10setup_pinsv
                0x00002e24       0x72 build\NanoUIP.o
                0x00002e24                setup_pins()
 .text._Z12printf_beginv
                0x00002e96        0xe build\NanoUIP.o
                0x00002e96                printf_begin()
 .text.setup    0x00002ea4       0x8a build\NanoUIP.o
                0x00002ea4                setup
 .text._Z11serial_putccP6__file
                0x00002f2e       0x1e build\NanoUIP.o
                0x00002f2e                serial_putc(char, __file*)
 .text._Z10httpd_initv
                0x00002f4c        0xe E:\bahan mata kuliah politeknik telkom\ganjil 2013-2014\Sistem Interoperabilitas\Project Arduino\NanoUIP\build\/lib_uno_16.a(httpd.cpp.o)
                0x00002f4c                httpd_init()
 .text._ZL12handle_inputP11httpd_state
                0x00002f5a      0x14a E:\bahan mata kuliah politeknik telkom\ganjil 2013-2014\Sistem Interoperabilitas\Project Arduino\NanoUIP\build\/lib_uno_16.a(httpd.cpp.o)
 .text._ZL12send_headersP11httpd_statePKc
                0x000030a4      0x1f4 E:\bahan mata kuliah politeknik telkom\ganjil 2013-2014\Sistem Interoperabilitas\Project Arduino\NanoUIP\build\/lib_uno_16.a(httpd.cpp.o)
 .text._ZL16next_scriptstateP11httpd_state
                0x00003298       0xa0 E:\bahan mata kuliah politeknik telkom\ganjil 2013-2014\Sistem Interoperabilitas\Project Arduino\NanoUIP\build\/lib_uno_16.a(httpd.cpp.o)
 .text._ZL17send_part_of_fileP11httpd_state
                0x00003338       0x9c E:\bahan mata kuliah politeknik telkom\ganjil 2013-2014\Sistem Interoperabilitas\Project Arduino\NanoUIP\build\/lib_uno_16.a(httpd.cpp.o)
 .text._ZL9send_fileP11httpd_state
                0x000033d4       0x76 E:\bahan mata kuliah politeknik telkom\ganjil 2013-2014\Sistem Interoperabilitas\Project Arduino\NanoUIP\build\/lib_uno_16.a(httpd.cpp.o)
 .text._ZL13handle_scriptP11httpd_state
                0x0000344a      0x200 E:\bahan mata kuliah politeknik telkom\ganjil 2013-2014\Sistem Interoperabilitas\Project Arduino\NanoUIP\build\/lib_uno_16.a(httpd.cpp.o)
 .text._ZL13handle_outputP11httpd_state
                0x0000364a      0x11c E:\bahan mata kuliah politeknik telkom\ganjil 2013-2014\Sistem Interoperabilitas\Project Arduino\NanoUIP\build\/lib_uno_16.a(httpd.cpp.o)
 .text._ZL17handle_connectionP11httpd_state
                0x00003766       0x24 E:\bahan mata kuliah politeknik telkom\ganjil 2013-2014\Sistem Interoperabilitas\Project Arduino\NanoUIP\build\/lib_uno_16.a(httpd.cpp.o)
 .text._Z13httpd_appcallv
                0x0000378a       0xc4 E:\bahan mata kuliah politeknik telkom\ganjil 2013-2014\Sistem Interoperabilitas\Project Arduino\NanoUIP\build\/lib_uno_16.a(httpd.cpp.o)
                0x0000378a                httpd_appcall()
 .text._ZL21generate_part_of_filePv
                0x0000384e       0x64 E:\bahan mata kuliah politeknik telkom\ganjil 2013-2014\Sistem Interoperabilitas\Project Arduino\NanoUIP\build\/lib_uno_16.a(httpd.cpp.o)
 .text._Z16dhcpc_configuredPK11dhcpc_state
                0x000038b2       0x66 E:\bahan mata kuliah politeknik telkom\ganjil 2013-2014\Sistem Interoperabilitas\Project Arduino\NanoUIP\build\/lib_uno_16.a(NanodeUIP.cpp.o)
                0x000038b2                dhcpc_configured(dhcpc_state const*)
 .text._Z12resolv_foundPcPj
                0x00003918       0x10 E:\bahan mata kuliah politeknik telkom\ganjil 2013-2014\Sistem Interoperabilitas\Project Arduino\NanoUIP\build\/lib_uno_16.a(NanodeUIP.cpp.o)
                0x00003918                resolv_found(char*, unsigned int*)
 .text._GLOBAL__I__Z16dhcpc_configuredPK11dhcpc_state
                0x00003928        0xa E:\bahan mata kuliah politeknik telkom\ganjil 2013-2014\Sistem Interoperabilitas\Project Arduino\NanoUIP\build\/lib_uno_16.a(NanodeUIP.cpp.o)
 .text._ZN9NanodeUIP4pollEv
                0x00003932      0x168 E:\bahan mata kuliah politeknik telkom\ganjil 2013-2014\Sistem Interoperabilitas\Project Arduino\NanoUIP\build\/lib_uno_16.a(NanodeUIP.cpp.o)
                0x00003932                NanodeUIP::poll()
 .text._ZN9NanodeUIP10start_dhcpEPFviPKjE
                0x00003a9a       0x14 E:\bahan mata kuliah politeknik telkom\ganjil 2013-2014\Sistem Interoperabilitas\Project Arduino\NanoUIP\build\/lib_uno_16.a(NanodeUIP.cpp.o)
                0x00003a9a                NanodeUIP::start_dhcp(void (*)(int, unsigned int const*))
 .text._ZN9NanodeUIP13format_ipaddrEPcPj
                0x00003aae       0x62 E:\bahan mata kuliah politeknik telkom\ganjil 2013-2014\Sistem Interoperabilitas\Project Arduino\NanoUIP\build\/lib_uno_16.a(NanodeUIP.cpp.o)
                0x00003aae                NanodeUIP::format_ipaddr(char*, unsigned int*)
 .text._ZN9NanodeUIP15get_ip_addr_strEPc
                0x00003b10        0xa E:\bahan mata kuliah politeknik telkom\ganjil 2013-2014\Sistem Interoperabilitas\Project Arduino\NanoUIP\build\/lib_uno_16.a(NanodeUIP.cpp.o)
                0x00003b10                NanodeUIP::get_ip_addr_str(char*)
 .text._ZN9NanodeUIP11get_mac_strEPc
                0x00003b1a       0x70 E:\bahan mata kuliah politeknik telkom\ganjil 2013-2014\Sistem Interoperabilitas\Project Arduino\NanoUIP\build\/lib_uno_16.a(NanodeUIP.cpp.o)
                0x00003b1a                NanodeUIP::get_mac_str(char*)
 .text._ZN9NanodeUIP13wait_for_linkEv
                0x00003b8a        0xa E:\bahan mata kuliah politeknik telkom\ganjil 2013-2014\Sistem Interoperabilitas\Project Arduino\NanoUIP\build\/lib_uno_16.a(NanodeUIP.cpp.o)
                0x00003b8a                NanodeUIP::wait_for_link()
 .text._ZN9NanodeUIP4initEPKhh
                0x00003b94       0x88 E:\bahan mata kuliah politeknik telkom\ganjil 2013-2014\Sistem Interoperabilitas\Project Arduino\NanoUIP\build\/lib_uno_16.a(NanodeUIP.cpp.o)
                0x00003b94                NanodeUIP::init(unsigned char const*, unsigned char)
 .text._Z12nanode_log_PPKc
                0x00003c1c       0x62 E:\bahan mata kuliah politeknik telkom\ganjil 2013-2014\Sistem Interoperabilitas\Project Arduino\NanoUIP\build\/lib_uno_16.a(NanodeUIP.cpp.o)
                0x00003c1c                nanode_log_P(char const*)
 .text._Z10nanode_logPc
                0x00003c7e       0x1c E:\bahan mata kuliah politeknik telkom\ganjil 2013-2014\Sistem Interoperabilitas\Project Arduino\NanoUIP\build\/lib_uno_16.a(NanodeUIP.cpp.o)
                0x00003c7e                nanode_log(char*)
 .text._Z9uip_log_PPKc
                0x00003c9a        0x6 E:\bahan mata kuliah politeknik telkom\ganjil 2013-2014\Sistem Interoperabilitas\Project Arduino\NanoUIP\build\/lib_uno_16.a(platform.cpp.o)
                0x00003c9a                uip_log_P(char const*)
 .text._Z10clock_timev
                0x00003ca0        0x6 E:\bahan mata kuliah politeknik telkom\ganjil 2013-2014\Sistem Interoperabilitas\Project Arduino\NanoUIP\build\/lib_uno_16.a(platform.cpp.o)
                0x00003ca0                clock_time()
 .text._Z13psock_datalenP5psock
                0x00003ca6       0x12 E:\bahan mata kuliah politeknik telkom\ganjil 2013-2014\Sistem Interoperabilitas\Project Arduino\NanoUIP\build\/lib_uno_16.a(psock.cpp.o)
                0x00003ca6                psock_datalen(psock*)
 .text._Z13psock_newdataP5psock
                0x00003cb8       0x30 E:\bahan mata kuliah politeknik telkom\ganjil 2013-2014\Sistem Interoperabilitas\Project Arduino\NanoUIP\build\/lib_uno_16.a(psock.cpp.o)
                0x00003cb8                psock_newdata(psock*)
 .text._Z12psock_readtoP5psockh
                0x00003ce8      0x116 E:\bahan mata kuliah politeknik telkom\ganjil 2013-2014\Sistem Interoperabilitas\Project Arduino\NanoUIP\build\/lib_uno_16.a(psock.cpp.o)
                0x00003ce8                psock_readto(psock*, unsigned char)
 .text._Z10psock_initP5psockPhj
                0x00003dfe       0x26 E:\bahan mata kuliah politeknik telkom\ganjil 2013-2014\Sistem Interoperabilitas\Project Arduino\NanoUIP\build\/lib_uno_16.a(psock.cpp.o)
                0x00003dfe                psock_init(psock*, unsigned char*, unsigned int)
 .text._Z20psock_generator_sendP5psockPFtPvES1_
                0x00003e24       0x9e E:\bahan mata kuliah politeknik telkom\ganjil 2013-2014\Sistem Interoperabilitas\Project Arduino\NanoUIP\build\/lib_uno_16.a(psock.cpp.o)
                0x00003e24                psock_generator_send(psock*, unsigned short (*)(void*), void*)
 .text._Z10psock_sendP5psockPKhj
                0x00003ec2       0xf6 E:\bahan mata kuliah politeknik telkom\ganjil 2013-2014\Sistem Interoperabilitas\Project Arduino\NanoUIP\build\/lib_uno_16.a(psock.cpp.o)
                0x00003ec2                psock_send(psock*, unsigned char const*, unsigned int)
 .text._Z11resolv_confPKj
                0x00003fb8       0x54 E:\bahan mata kuliah politeknik telkom\ganjil 2013-2014\Sistem Interoperabilitas\Project Arduino\NanoUIP\build\/lib_uno_16.a(resolv.cpp.o)
                0x00003fb8                resolv_conf(unsigned int const*)
 .text._ZL7newdatav
                0x0000400c      0x136 E:\bahan mata kuliah politeknik telkom\ganjil 2013-2014\Sistem Interoperabilitas\Project Arduino\NanoUIP\build\/lib_uno_16.a(resolv.cpp.o)
 .text._ZL13check_entriesv
                0x00004142      0x13e E:\bahan mata kuliah politeknik telkom\ganjil 2013-2014\Sistem Interoperabilitas\Project Arduino\NanoUIP\build\/lib_uno_16.a(resolv.cpp.o)
 .text._Z14resolv_appcallv
                0x00004280       0x2c E:\bahan mata kuliah politeknik telkom\ganjil 2013-2014\Sistem Interoperabilitas\Project Arduino\NanoUIP\build\/lib_uno_16.a(resolv.cpp.o)
                0x00004280                resolv_appcall()
 .text._Z11timer_resetP5timer
                0x000042ac       0x24 E:\bahan mata kuliah politeknik telkom\ganjil 2013-2014\Sistem Interoperabilitas\Project Arduino\NanoUIP\build\/lib_uno_16.a(timer.cpp.o)
                0x000042ac                timer_reset(timer*)
 .text._Z13timer_expiredP5timer
                0x000042d0       0x4c E:\bahan mata kuliah politeknik telkom\ganjil 2013-2014\Sistem Interoperabilitas\Project Arduino\NanoUIP\build\/lib_uno_16.a(timer.cpp.o)
                0x000042d0                timer_expired(timer*)
 .text._Z9timer_setP5timerm
                0x0000431c       0x24 E:\bahan mata kuliah politeknik telkom\ganjil 2013-2014\Sistem Interoperabilitas\Project Arduino\NanoUIP\build\/lib_uno_16.a(timer.cpp.o)
                0x0000431c                timer_set(timer*, unsigned long)
 .text._Z9uip_add32Phj
                0x00004340       0x70 E:\bahan mata kuliah politeknik telkom\ganjil 2013-2014\Sistem Interoperabilitas\Project Arduino\NanoUIP\build\/lib_uno_16.a(uip.cpp.o)
                0x00004340                uip_add32(unsigned char*, unsigned int)
 .text._ZL6chksumjPKhj
                0x000043b0       0x4c E:\bahan mata kuliah politeknik telkom\ganjil 2013-2014\Sistem Interoperabilitas\Project Arduino\NanoUIP\build\/lib_uno_16.a(uip.cpp.o)
 .text._Z12uip_ipchksumv
                0x000043fc       0x22 E:\bahan mata kuliah politeknik telkom\ganjil 2013-2014\Sistem Interoperabilitas\Project Arduino\NanoUIP\build\/lib_uno_16.a(uip.cpp.o)
                0x000043fc                uip_ipchksum()
 .text._ZL18upper_layer_chksumh
                0x0000441e       0x4c E:\bahan mata kuliah politeknik telkom\ganjil 2013-2014\Sistem Interoperabilitas\Project Arduino\NanoUIP\build\/lib_uno_16.a(uip.cpp.o)
 .text._Z13uip_tcpchksumv
                0x0000446a        0x8 E:\bahan mata kuliah politeknik telkom\ganjil 2013-2014\Sistem Interoperabilitas\Project Arduino\NanoUIP\build\/lib_uno_16.a(uip.cpp.o)
                0x0000446a                uip_tcpchksum()
 .text._Z13uip_udpchksumv
                0x00004472        0x8 E:\bahan mata kuliah politeknik telkom\ganjil 2013-2014\Sistem Interoperabilitas\Project Arduino\NanoUIP\build\/lib_uno_16.a(uip.cpp.o)
                0x00004472                uip_udpchksum()
 .text._Z8uip_initv
                0x0000447a       0x7a E:\bahan mata kuliah politeknik telkom\ganjil 2013-2014\Sistem Interoperabilitas\Project Arduino\NanoUIP\build\/lib_uno_16.a(uip.cpp.o)
                0x0000447a                uip_init()
 .text._Z10uip_listenjPFvvE
                0x000044f4       0x4e E:\bahan mata kuliah politeknik telkom\ganjil 2013-2014\Sistem Interoperabilitas\Project Arduino\NanoUIP\build\/lib_uno_16.a(uip.cpp.o)
                0x000044f4                uip_listen(unsigned int, void (*)())
 .text._ZL15uip_add_rcv_nxtj
                0x00004542       0x32 E:\bahan mata kuliah politeknik telkom\ganjil 2013-2014\Sistem Interoperabilitas\Project Arduino\NanoUIP\build\/lib_uno_16.a(uip.cpp.o)
 .text._Z9uip_htonsj
                0x00004574        0x8 E:\bahan mata kuliah politeknik telkom\ganjil 2013-2014\Sistem Interoperabilitas\Project Arduino\NanoUIP\build\/lib_uno_16.a(uip.cpp.o)
                0x00004574                uip_htons(unsigned int)
 .text._Z10uip_send_PPKvi
                0x0000457c       0x2a E:\bahan mata kuliah politeknik telkom\ganjil 2013-2014\Sistem Interoperabilitas\Project Arduino\NanoUIP\build\/lib_uno_16.a(uip.cpp.o)
                0x0000457c                uip_send_P(void const*, int)
 .text._Z8uip_sendPKvi
                0x000045a6       0x2c E:\bahan mata kuliah politeknik telkom\ganjil 2013-2014\Sistem Interoperabilitas\Project Arduino\NanoUIP\build\/lib_uno_16.a(uip.cpp.o)
                0x000045a6                uip_send(void const*, int)
 .text._Z11uip_processh
                0x000045d2     0x1106 E:\bahan mata kuliah politeknik telkom\ganjil 2013-2014\Sistem Interoperabilitas\Project Arduino\NanoUIP\build\/lib_uno_16.a(uip.cpp.o)
                0x000045d2                uip_process(unsigned char)
 .text._Z11uip_udp_newPA2_jjPFvvE
                0x000056d8       0xfe E:\bahan mata kuliah politeknik telkom\ganjil 2013-2014\Sistem Interoperabilitas\Project Arduino\NanoUIP\build\/lib_uno_16.a(uip.cpp.o)
                0x000056d8                uip_udp_new(unsigned int (*) [2], unsigned int, void (*)())
 .text._ZL14uip_arp_updatePjP12uip_eth_addr
                0x000057d6      0x1a6 E:\bahan mata kuliah politeknik telkom\ganjil 2013-2014\Sistem Interoperabilitas\Project Arduino\NanoUIP\build\/lib_uno_16.a(uip_arp.cpp.o)
 .text._Z13uip_arp_arpinv
                0x0000597c      0x16c E:\bahan mata kuliah politeknik telkom\ganjil 2013-2014\Sistem Interoperabilitas\Project Arduino\NanoUIP\build\/lib_uno_16.a(uip_arp.cpp.o)
                0x0000597c                uip_arp_arpin()
 .text._Z11uip_arp_outv
                0x00005ae8      0x20c E:\bahan mata kuliah politeknik telkom\ganjil 2013-2014\Sistem Interoperabilitas\Project Arduino\NanoUIP\build\/lib_uno_16.a(uip_arp.cpp.o)
                0x00005ae8                uip_arp_out()
 .text._Z13uip_arp_timerv
                0x00005cf4       0x66 E:\bahan mata kuliah politeknik telkom\ganjil 2013-2014\Sistem Interoperabilitas\Project Arduino\NanoUIP\build\/lib_uno_16.a(uip_arp.cpp.o)
                0x00005cf4                uip_arp_timer()
 .text._ZL10create_msgP8dhcp_msg
                0x00005d5a      0x106 E:\bahan mata kuliah politeknik telkom\ganjil 2013-2014\Sistem Interoperabilitas\Project Arduino\NanoUIP\build\/lib_uno_16.a(dhcpc.cpp.o)
 .text._ZL9parse_msgv
                0x00005e60      0x146 E:\bahan mata kuliah politeknik telkom\ganjil 2013-2014\Sistem Interoperabilitas\Project Arduino\NanoUIP\build\/lib_uno_16.a(dhcpc.cpp.o)
 .text._Z13dhcpc_appcallv
                0x00005fa6      0x27a E:\bahan mata kuliah politeknik telkom\ganjil 2013-2014\Sistem Interoperabilitas\Project Arduino\NanoUIP\build\/lib_uno_16.a(dhcpc.cpp.o)
                0x00005fa6                dhcpc_appcall()
 .text._Z10dhcpc_initPKvi
                0x00006220       0x74 E:\bahan mata kuliah politeknik telkom\ganjil 2013-2014\Sistem Interoperabilitas\Project Arduino\NanoUIP\build\/lib_uno_16.a(dhcpc.cpp.o)
                0x00006220                dhcpc_init(void const*, int)
 .text._ZL11disableChipv
                0x00006294        0xe E:\bahan mata kuliah politeknik telkom\ganjil 2013-2014\Sistem Interoperabilitas\Project Arduino\NanoUIP\build\/lib_uno_16.a(enc28j60.cpp.o)
 .text._Z15enc28j60SpiInitv
                0x000062a2       0x4c E:\bahan mata kuliah politeknik telkom\ganjil 2013-2014\Sistem Interoperabilitas\Project Arduino\NanoUIP\build\/lib_uno_16.a(enc28j60.cpp.o)
                0x000062a2                enc28j60SpiInit()
 .text._ZL10enableChipv
                0x000062ee        0xe E:\bahan mata kuliah politeknik telkom\ganjil 2013-2014\Sistem Interoperabilitas\Project Arduino\NanoUIP\build\/lib_uno_16.a(enc28j60.cpp.o)
 .text._Z19enc28j60WriteBufferjPh
                0x000062fc       0x40 E:\bahan mata kuliah politeknik telkom\ganjil 2013-2014\Sistem Interoperabilitas\Project Arduino\NanoUIP\build\/lib_uno_16.a(enc28j60.cpp.o)
                0x000062fc                enc28j60WriteBuffer(unsigned int, unsigned char*)
 .text._Z18enc28j60ReadBufferjPh
                0x0000633c       0x40 E:\bahan mata kuliah politeknik telkom\ganjil 2013-2014\Sistem Interoperabilitas\Project Arduino\NanoUIP\build\/lib_uno_16.a(enc28j60.cpp.o)
                0x0000633c                enc28j60ReadBuffer(unsigned int, unsigned char*)
 .text._Z15enc28j60WriteOphhh
                0x0000637c       0x30 E:\bahan mata kuliah politeknik telkom\ganjil 2013-2014\Sistem Interoperabilitas\Project Arduino\NanoUIP\build\/lib_uno_16.a(enc28j60.cpp.o)
                0x0000637c                enc28j60WriteOp(unsigned char, unsigned char, unsigned char)
 .text._Z15enc28j60SetBankh
                0x000063ac       0x42 E:\bahan mata kuliah politeknik telkom\ganjil 2013-2014\Sistem Interoperabilitas\Project Arduino\NanoUIP\build\/lib_uno_16.a(enc28j60.cpp.o)
                0x000063ac                enc28j60SetBank(unsigned char)
 .text._Z13enc28j60Writehh
                0x000063ee       0x1c E:\bahan mata kuliah politeknik telkom\ganjil 2013-2014\Sistem Interoperabilitas\Project Arduino\NanoUIP\build\/lib_uno_16.a(enc28j60.cpp.o)
                0x000063ee                enc28j60Write(unsigned char, unsigned char)
 .text._Z14enc28j60clkouth
                0x0000640a        0xc E:\bahan mata kuliah politeknik telkom\ganjil 2013-2014\Sistem Interoperabilitas\Project Arduino\NanoUIP\build\/lib_uno_16.a(enc28j60.cpp.o)
                0x0000640a                enc28j60clkout(unsigned char)
 .text._Z17enc28j60WriteWordhj
                0x00006416       0x1c E:\bahan mata kuliah politeknik telkom\ganjil 2013-2014\Sistem Interoperabilitas\Project Arduino\NanoUIP\build\/lib_uno_16.a(enc28j60.cpp.o)
                0x00006416                enc28j60WriteWord(unsigned char, unsigned int)
 .text._Z14enc28j60ReadOphh
                0x00006432       0x3c E:\bahan mata kuliah politeknik telkom\ganjil 2013-2014\Sistem Interoperabilitas\Project Arduino\NanoUIP\build\/lib_uno_16.a(enc28j60.cpp.o)
                0x00006432                enc28j60ReadOp(unsigned char, unsigned char)
 .text._Z12enc28j60Readh
                0x0000646e       0x14 E:\bahan mata kuliah politeknik telkom\ganjil 2013-2014\Sistem Interoperabilitas\Project Arduino\NanoUIP\build\/lib_uno_16.a(enc28j60.cpp.o)
                0x0000646e                enc28j60Read(unsigned char)
 .text._Z21enc28j60PacketReceivejPh
                0x00006482       0xec E:\bahan mata kuliah politeknik telkom\ganjil 2013-2014\Sistem Interoperabilitas\Project Arduino\NanoUIP\build\/lib_uno_16.a(enc28j60.cpp.o)
                0x00006482                enc28j60PacketReceive(unsigned int, unsigned char*)
 .text._Z18enc28j60PacketSendjPh
                0x0000656e       0x74 E:\bahan mata kuliah politeknik telkom\ganjil 2013-2014\Sistem Interoperabilitas\Project Arduino\NanoUIP\build\/lib_uno_16.a(enc28j60.cpp.o)
                0x0000656e                enc28j60PacketSend(unsigned int, unsigned char*)
 .text._Z16enc28j60PhyWritehj
                0x000065e2       0x3c E:\bahan mata kuliah politeknik telkom\ganjil 2013-2014\Sistem Interoperabilitas\Project Arduino\NanoUIP\build\/lib_uno_16.a(enc28j60.cpp.o)
                0x000065e2                enc28j60PhyWrite(unsigned char, unsigned int)
 .text._Z18enc28j60InitWithCsPKhh
                0x0000661e      0x11e E:\bahan mata kuliah politeknik telkom\ganjil 2013-2014\Sistem Interoperabilitas\Project Arduino\NanoUIP\build\/lib_uno_16.a(enc28j60.cpp.o)
                0x0000661e                enc28j60InitWithCs(unsigned char const*, unsigned char)
 .text._Z16enc28j60PhyReadHh
                0x0000673c       0x34 E:\bahan mata kuliah politeknik telkom\ganjil 2013-2014\Sistem Interoperabilitas\Project Arduino\NanoUIP\build\/lib_uno_16.a(enc28j60.cpp.o)
                0x0000673c                enc28j60PhyReadH(unsigned char)
 .text._Z14enc28j60linkupv
                0x00006770        0xa E:\bahan mata kuliah politeknik telkom\ganjil 2013-2014\Sistem Interoperabilitas\Project Arduino\NanoUIP\build\/lib_uno_16.a(enc28j60.cpp.o)
                0x00006770                enc28j60linkup()
 .text._Z11serialEventv
                0x0000677a        0x2 E:\bahan mata kuliah politeknik telkom\ganjil 2013-2014\Sistem Interoperabilitas\Project Arduino\NanoUIP\build\/core_uno_16.a(HardwareSerial.cpp.o)
                0x0000677a                serialEvent()
 .text.__vector_18
                0x0000677c       0x76 E:\bahan mata kuliah politeknik telkom\ganjil 2013-2014\Sistem Interoperabilitas\Project Arduino\NanoUIP\build\/core_uno_16.a(HardwareSerial.cpp.o)
                0x0000677c                __vector_18
 .text._Z14serialEventRunv
                0x000067f2       0x26 E:\bahan mata kuliah politeknik telkom\ganjil 2013-2014\Sistem Interoperabilitas\Project Arduino\NanoUIP\build\/core_uno_16.a(HardwareSerial.cpp.o)
                0x000067f2                serialEventRun()
 .text.__vector_19
                0x00006818       0x76 E:\bahan mata kuliah politeknik telkom\ganjil 2013-2014\Sistem Interoperabilitas\Project Arduino\NanoUIP\build\/core_uno_16.a(HardwareSerial.cpp.o)
                0x00006818                __vector_19
 .text._ZN14HardwareSerial5beginEm
                0x0000688e      0x10e E:\bahan mata kuliah politeknik telkom\ganjil 2013-2014\Sistem Interoperabilitas\Project Arduino\NanoUIP\build\/core_uno_16.a(HardwareSerial.cpp.o)
                0x0000688e                HardwareSerial::begin(unsigned long)
 .text._ZN14HardwareSerial9availableEv
                0x0000699c       0x22 E:\bahan mata kuliah politeknik telkom\ganjil 2013-2014\Sistem Interoperabilitas\Project Arduino\NanoUIP\build\/core_uno_16.a(HardwareSerial.cpp.o)
                0x0000699c                HardwareSerial::available()
 .text._ZN14HardwareSerial4peekEv
                0x000069be       0x40 E:\bahan mata kuliah politeknik telkom\ganjil 2013-2014\Sistem Interoperabilitas\Project Arduino\NanoUIP\build\/core_uno_16.a(HardwareSerial.cpp.o)
                0x000069be                HardwareSerial::peek()
 .text._ZN14HardwareSerial4readEv
                0x000069fe       0x52 E:\bahan mata kuliah politeknik telkom\ganjil 2013-2014\Sistem Interoperabilitas\Project Arduino\NanoUIP\build\/core_uno_16.a(HardwareSerial.cpp.o)
                0x000069fe                HardwareSerial::read()
 .text._ZN14HardwareSerial5flushEv
                0x00006a50       0x20 E:\bahan mata kuliah politeknik telkom\ganjil 2013-2014\Sistem Interoperabilitas\Project Arduino\NanoUIP\build\/core_uno_16.a(HardwareSerial.cpp.o)
                0x00006a50                HardwareSerial::flush()
 .text._ZN14HardwareSerial5writeEh
                0x00006a70       0x80 E:\bahan mata kuliah politeknik telkom\ganjil 2013-2014\Sistem Interoperabilitas\Project Arduino\NanoUIP\build\/core_uno_16.a(HardwareSerial.cpp.o)
                0x00006a70                HardwareSerial::write(unsigned char)
 .text._GLOBAL__I_rx_buffer
                0x00006af0       0xac E:\bahan mata kuliah politeknik telkom\ganjil 2013-2014\Sistem Interoperabilitas\Project Arduino\NanoUIP\build\/core_uno_16.a(HardwareSerial.cpp.o)
 .text.main     0x00006b9c       0x1e E:\bahan mata kuliah politeknik telkom\ganjil 2013-2014\Sistem Interoperabilitas\Project Arduino\NanoUIP\build\/core_uno_16.a(main.cpp.o)
                0x00006b9c                main
 .text._ZN5Print5writeEPKhj
                0x00006bba       0x54 E:\bahan mata kuliah politeknik telkom\ganjil 2013-2014\Sistem Interoperabilitas\Project Arduino\NanoUIP\build\/core_uno_16.a(Print.cpp.o)
                0x00006bba                Print::write(unsigned char const*, unsigned int)
 .text._ZN5Print5printEc
                0x00006c0e       0x10 E:\bahan mata kuliah politeknik telkom\ganjil 2013-2014\Sistem Interoperabilitas\Project Arduino\NanoUIP\build\/core_uno_16.a(Print.cpp.o)
                0x00006c0e                Print::print(char)
 .text._ZN5Print7printlnEv
                0x00006c1e       0x40 E:\bahan mata kuliah politeknik telkom\ganjil 2013-2014\Sistem Interoperabilitas\Project Arduino\NanoUIP\build\/core_uno_16.a(Print.cpp.o)
                0x00006c1e                Print::println()
 .text._ZN5Print5writeEPKc
                0x00006c5e       0x38 E:\bahan mata kuliah politeknik telkom\ganjil 2013-2014\Sistem Interoperabilitas\Project Arduino\NanoUIP\build\/core_uno_16.a(Print.cpp.o)
                0x00006c5e                Print::write(char const*)
 .text._ZN5Print7printlnEPKc
                0x00006c96       0x26 E:\bahan mata kuliah politeknik telkom\ganjil 2013-2014\Sistem Interoperabilitas\Project Arduino\NanoUIP\build\/core_uno_16.a(Print.cpp.o)
                0x00006c96                Print::println(char const*)
 .text.__vector_16
                0x00006cbc       0x90 E:\bahan mata kuliah politeknik telkom\ganjil 2013-2014\Sistem Interoperabilitas\Project Arduino\NanoUIP\build\/core_uno_16.a(wiring.c.o)
                0x00006cbc                __vector_16
 .text.millis   0x00006d4c       0x1c E:\bahan mata kuliah politeknik telkom\ganjil 2013-2014\Sistem Interoperabilitas\Project Arduino\NanoUIP\build\/core_uno_16.a(wiring.c.o)
                0x00006d4c                millis
 .text.micros   0x00006d68       0x4c E:\bahan mata kuliah politeknik telkom\ganjil 2013-2014\Sistem Interoperabilitas\Project Arduino\NanoUIP\build\/core_uno_16.a(wiring.c.o)
                0x00006d68                micros
 .text.delay    0x00006db4       0x4c E:\bahan mata kuliah politeknik telkom\ganjil 2013-2014\Sistem Interoperabilitas\Project Arduino\NanoUIP\build\/core_uno_16.a(wiring.c.o)
                0x00006db4                delay
 .text.delayMicroseconds
                0x00006e00       0x14 E:\bahan mata kuliah politeknik telkom\ganjil 2013-2014\Sistem Interoperabilitas\Project Arduino\NanoUIP\build\/core_uno_16.a(wiring.c.o)
                0x00006e00                delayMicroseconds
 .text.init     0x00006e14       0x76 E:\bahan mata kuliah politeknik telkom\ganjil 2013-2014\Sistem Interoperabilitas\Project Arduino\NanoUIP\build\/core_uno_16.a(wiring.c.o)
                0x00006e14                init
 .text.analogRead
                0x00006e8a       0x44 E:\bahan mata kuliah politeknik telkom\ganjil 2013-2014\Sistem Interoperabilitas\Project Arduino\NanoUIP\build\/core_uno_16.a(wiring_analog.c.o)
                0x00006e8a                analogRead
 .text.pinMode  0x00006ece       0x7e E:\bahan mata kuliah politeknik telkom\ganjil 2013-2014\Sistem Interoperabilitas\Project Arduino\NanoUIP\build\/core_uno_16.a(wiring_digital.c.o)
                0x00006ece                pinMode
 .text.turnOffPWM
                0x00006f4c       0x5a E:\bahan mata kuliah politeknik telkom\ganjil 2013-2014\Sistem Interoperabilitas\Project Arduino\NanoUIP\build\/core_uno_16.a(wiring_digital.c.o)
 .text.digitalWrite
                0x00006fa6       0x66 E:\bahan mata kuliah politeknik telkom\ganjil 2013-2014\Sistem Interoperabilitas\Project Arduino\NanoUIP\build\/core_uno_16.a(wiring_digital.c.o)
                0x00006fa6                digitalWrite
 .text.digitalRead
                0x0000700c       0x60 E:\bahan mata kuliah politeknik telkom\ganjil 2013-2014\Sistem Interoperabilitas\Project Arduino\NanoUIP\build\/core_uno_16.a(wiring_digital.c.o)
                0x0000700c                digitalRead
 .text.libgcc   0x0000706c       0x44 e:/codeblocks-arduino baru/codeblocks/bin/../lib/gcc/avr/4.3.3/avr5\libgcc.a(_udivmodsi4.o)
                0x0000706c                __udivmodsi4
 .text.libgcc   0x000070b0        0xc e:/codeblocks-arduino baru/codeblocks/bin/../lib/gcc/avr/4.3.3/avr5\libgcc.a(_tablejump.o)
                0x000070b4                __tablejump__
                0x000070b0                __tablejump2__
 .text.libgcc   0x000070bc       0x38 e:/codeblocks-arduino baru/codeblocks/bin/../lib/gcc/avr/4.3.3/avr5\libgcc.a(_prologue.o)
                0x000070bc                __prologue_saves__
 .text.libgcc   0x000070f4       0x36 e:/codeblocks-arduino baru/codeblocks/bin/../lib/gcc/avr/4.3.3/avr5\libgcc.a(_epilogue.o)
                0x000070f4                __epilogue_restores__
                0x0000712a                . = ALIGN (0x2)
 *(.fini9)
 .fini9         0x0000712a        0x0 e:/codeblocks-arduino baru/codeblocks/bin/../lib/gcc/avr/4.3.3/avr5\libgcc.a(_exit.o)
                0x0000712a                exit
                0x0000712a                _exit
 *(.fini9)
 *(.fini8)
 *(.fini8)
 *(.fini7)
 *(.fini7)
 *(.fini6)
 *(.fini6)
 *(.fini5)
 *(.fini5)
 *(.fini4)
 *(.fini4)
 *(.fini3)
 *(.fini3)
 *(.fini2)
 *(.fini2)
 *(.fini1)
 *(.fini1)
 *(.fini0)
 .fini0         0x0000712a        0x4 e:/codeblocks-arduino baru/codeblocks/bin/../lib/gcc/avr/4.3.3/avr5\libgcc.a(_exit.o)
 *(.fini0)
                0x0000712e                _etext = .

.data           0x00800100       0xa2 load address 0x0000712e
                0x00800100                PROVIDE (__data_start, .)
 *(.data)
 .data          0x00800100       0x43 build\httpd_cgi.o
 .data          0x00800143        0x6 e:/codeblocks-arduino baru/codeblocks/bin/../lib/gcc/avr/4.3.3/../../../../avr/lib/avr5\libc.a(malloc.o)
                0x00800145                __malloc_heap_start
                0x00800147                __malloc_heap_end
                0x00800143                __malloc_margin
 *(.data*)
 .data._ZL5calls
                0x00800149        0xc build\httpd_cgi.o
 .data._ZL9app_state
                0x00800155        0x2 build\NanoUIP.o
 .data._ZZL13check_entriesvE8endquery
                0x00800157        0x5 E:\bahan mata kuliah politeknik telkom\ganjil 2013-2014\Sistem Interoperabilitas\Project Arduino\NanoUIP\build\/lib_uno_16.a(resolv.cpp.o)
 .data._ZL17enc28j60ControlCs
                0x0080015c        0x1 E:\bahan mata kuliah politeknik telkom\ganjil 2013-2014\Sistem Interoperabilitas\Project Arduino\NanoUIP\build\/lib_uno_16.a(enc28j60.cpp.o)
 .data.analog_reference
                0x0080015d        0x1 E:\bahan mata kuliah politeknik telkom\ganjil 2013-2014\Sistem Interoperabilitas\Project Arduino\NanoUIP\build\/core_uno_16.a(wiring_analog.c.o)
                0x0080015d                analog_reference
 *(.rodata)
 *(.rodata*)
 .rodata._ZL14cgi_toggle_pin
                0x0080015e        0x4 build\httpd_cgi.o
 .rodata._ZL11cgi_set_pin
                0x00800162        0x4 build\httpd_cgi.o
 .rodata._ZL16cgi_buttons_list
                0x00800166        0x4 build\httpd_cgi.o
 .rodata._ZL16cgi_sensors_list
                0x0080016a        0x4 build\httpd_cgi.o
 .rodata._ZL15cgi_lights_list
                0x0080016e        0x4 build\httpd_cgi.o
 .rodata._ZZ5setupE3C.4
                0x00800172        0x6 build\NanoUIP.o
 .rodata._ZL15all_zeroes_addr
                0x00800178        0x4 E:\bahan mata kuliah politeknik telkom\ganjil 2013-2014\Sistem Interoperabilitas\Project Arduino\NanoUIP\build\/lib_uno_16.a(uip.cpp.o)
 .rodata._ZL13all_ones_addr
                0x0080017c        0x4 E:\bahan mata kuliah politeknik telkom\ganjil 2013-2014\Sistem Interoperabilitas\Project Arduino\NanoUIP\build\/lib_uno_16.a(uip.cpp.o)
 .rodata._ZL16broadcast_ipaddr
                0x00800180        0x4 E:\bahan mata kuliah politeknik telkom\ganjil 2013-2014\Sistem Interoperabilitas\Project Arduino\NanoUIP\build\/lib_uno_16.a(uip_arp.cpp.o)
 .rodata._ZL17broadcast_ethaddr
                0x00800184        0x6 E:\bahan mata kuliah politeknik telkom\ganjil 2013-2014\Sistem Interoperabilitas\Project Arduino\NanoUIP\build\/lib_uno_16.a(uip_arp.cpp.o)
 .rodata._ZL3xid
                0x0080018a        0x4 E:\bahan mata kuliah politeknik telkom\ganjil 2013-2014\Sistem Interoperabilitas\Project Arduino\NanoUIP\build\/lib_uno_16.a(dhcpc.cpp.o)
 .rodata._ZL12magic_cookie
                0x0080018e        0x4 E:\bahan mata kuliah politeknik telkom\ganjil 2013-2014\Sistem Interoperabilitas\Project Arduino\NanoUIP\build\/lib_uno_16.a(dhcpc.cpp.o)
 .rodata._ZTV14HardwareSerial
                0x00800192       0x10 E:\bahan mata kuliah politeknik telkom\ganjil 2013-2014\Sistem Interoperabilitas\Project Arduino\NanoUIP\build\/core_uno_16.a(HardwareSerial.cpp.o)
                0x00800192                vtable for HardwareSerial
 *(.gnu.linkonce.d*)
                0x008001a2                . = ALIGN (0x2)
                0x008001a2                _edata = .
                0x008001a2                PROVIDE (__data_end, .)

.bss            0x008001a2      0x5f5
                0x008001a2                PROVIDE (__bss_start, .)
 *(.bss)
 *(.bss*)
 .bss._ZL6lights
                0x008001a2        0x2 build\httpd_cgi.o
 .bss._ZL7sensors
                0x008001a4        0x2 build\httpd_cgi.o
 .bss._ZL7buttons
                0x008001a6        0x2 build\httpd_cgi.o
 .bss._ZL9app_flags
                0x008001a8        0x1 build\NanoUIP.o
 .bss.uip       0x008001a9       0x14 E:\bahan mata kuliah politeknik telkom\ganjil 2013-2014\Sistem Interoperabilitas\Project Arduino\NanoUIP\build\/lib_uno_16.a(NanodeUIP.cpp.o)
                0x008001a9                uip
 .bss._ZL5names
                0x008001bd       0x52 E:\bahan mata kuliah politeknik telkom\ganjil 2013-2014\Sistem Interoperabilitas\Project Arduino\NanoUIP\build\/lib_uno_16.a(resolv.cpp.o)
 .bss._ZL11resolv_conn
                0x0080020f        0x2 E:\bahan mata kuliah politeknik telkom\ganjil 2013-2014\Sistem Interoperabilitas\Project Arduino\NanoUIP\build\/lib_uno_16.a(resolv.cpp.o)
 .bss._ZZL13check_entriesvE1n
                0x00800211        0x1 E:\bahan mata kuliah politeknik telkom\ganjil 2013-2014\Sistem Interoperabilitas\Project Arduino\NanoUIP\build\/lib_uno_16.a(resolv.cpp.o)
 .bss._ZZL13check_entriesvE1i
                0x00800212        0x1 E:\bahan mata kuliah politeknik telkom\ganjil 2013-2014\Sistem Interoperabilitas\Project Arduino\NanoUIP\build\/lib_uno_16.a(resolv.cpp.o)
 .bss._ZZL7newdatavE1i
                0x00800213        0x1 E:\bahan mata kuliah politeknik telkom\ganjil 2013-2014\Sistem Interoperabilitas\Project Arduino\NanoUIP\build\/lib_uno_16.a(resolv.cpp.o)
 .bss._ZZL7newdatavE8nanswers
                0x00800214        0x1 E:\bahan mata kuliah politeknik telkom\ganjil 2013-2014\Sistem Interoperabilitas\Project Arduino\NanoUIP\build\/lib_uno_16.a(resolv.cpp.o)
 .bss.uip_hostaddr
                0x00800215        0x4 E:\bahan mata kuliah politeknik telkom\ganjil 2013-2014\Sistem Interoperabilitas\Project Arduino\NanoUIP\build\/lib_uno_16.a(uip.cpp.o)
                0x00800215                uip_hostaddr
 .bss.uip_draddr
                0x00800219        0x4 E:\bahan mata kuliah politeknik telkom\ganjil 2013-2014\Sistem Interoperabilitas\Project Arduino\NanoUIP\build\/lib_uno_16.a(uip.cpp.o)
                0x00800219                uip_draddr
 .bss.uip_netmask
                0x0080021d        0x4 E:\bahan mata kuliah politeknik telkom\ganjil 2013-2014\Sistem Interoperabilitas\Project Arduino\NanoUIP\build\/lib_uno_16.a(uip.cpp.o)
                0x0080021d                uip_netmask
 .bss.uip_ethaddr
                0x00800221        0x6 E:\bahan mata kuliah politeknik telkom\ganjil 2013-2014\Sistem Interoperabilitas\Project Arduino\NanoUIP\build\/lib_uno_16.a(uip.cpp.o)
                0x00800221                uip_ethaddr
 .bss.uip_buf   0x00800227      0x1f6 E:\bahan mata kuliah politeknik telkom\ganjil 2013-2014\Sistem Interoperabilitas\Project Arduino\NanoUIP\build\/lib_uno_16.a(uip.cpp.o)
                0x00800227                uip_buf
 .bss.uip_appdata
                0x0080041d        0x2 E:\bahan mata kuliah politeknik telkom\ganjil 2013-2014\Sistem Interoperabilitas\Project Arduino\NanoUIP\build\/lib_uno_16.a(uip.cpp.o)
                0x0080041d                uip_appdata
 .bss.uip_sappdata
                0x0080041f        0x2 E:\bahan mata kuliah politeknik telkom\ganjil 2013-2014\Sistem Interoperabilitas\Project Arduino\NanoUIP\build\/lib_uno_16.a(uip.cpp.o)
                0x0080041f                uip_sappdata
 .bss.uip_len   0x00800421        0x2 E:\bahan mata kuliah politeknik telkom\ganjil 2013-2014\Sistem Interoperabilitas\Project Arduino\NanoUIP\build\/lib_uno_16.a(uip.cpp.o)
                0x00800421                uip_len
 .bss.uip_slen  0x00800423        0x2 E:\bahan mata kuliah politeknik telkom\ganjil 2013-2014\Sistem Interoperabilitas\Project Arduino\NanoUIP\build\/lib_uno_16.a(uip.cpp.o)
                0x00800423                uip_slen
 .bss.uip_flags
                0x00800425        0x1 E:\bahan mata kuliah politeknik telkom\ganjil 2013-2014\Sistem Interoperabilitas\Project Arduino\NanoUIP\build\/lib_uno_16.a(uip.cpp.o)
                0x00800425                uip_flags
 .bss.uip_conn  0x00800426        0x2 E:\bahan mata kuliah politeknik telkom\ganjil 2013-2014\Sistem Interoperabilitas\Project Arduino\NanoUIP\build\/lib_uno_16.a(uip.cpp.o)
                0x00800426                uip_conn
 .bss.uip_conns
                0x00800428      0x1f4 E:\bahan mata kuliah politeknik telkom\ganjil 2013-2014\Sistem Interoperabilitas\Project Arduino\NanoUIP\build\/lib_uno_16.a(uip.cpp.o)
                0x00800428                uip_conns
 .bss.uip_listenports
                0x0080061c        0x4 E:\bahan mata kuliah politeknik telkom\ganjil 2013-2014\Sistem Interoperabilitas\Project Arduino\NanoUIP\build\/lib_uno_16.a(uip.cpp.o)
                0x0080061c                uip_listenports
 .bss.uip_listenapps
                0x00800620        0x4 E:\bahan mata kuliah politeknik telkom\ganjil 2013-2014\Sistem Interoperabilitas\Project Arduino\NanoUIP\build\/lib_uno_16.a(uip.cpp.o)
                0x00800620                uip_listenapps
 .bss.uip_udp_conn
                0x00800624        0x2 E:\bahan mata kuliah politeknik telkom\ganjil 2013-2014\Sistem Interoperabilitas\Project Arduino\NanoUIP\build\/lib_uno_16.a(uip.cpp.o)
                0x00800624                uip_udp_conn
 .bss.uip_udp_conns
                0x00800626       0x16 E:\bahan mata kuliah politeknik telkom\ganjil 2013-2014\Sistem Interoperabilitas\Project Arduino\NanoUIP\build\/lib_uno_16.a(uip.cpp.o)
                0x00800626                uip_udp_conns
 .bss.uip_acc32
                0x0080063c        0x4 E:\bahan mata kuliah politeknik telkom\ganjil 2013-2014\Sistem Interoperabilitas\Project Arduino\NanoUIP\build\/lib_uno_16.a(uip.cpp.o)
                0x0080063c                uip_acc32
 .bss._ZL3iss   0x00800640        0x4 E:\bahan mata kuliah politeknik telkom\ganjil 2013-2014\Sistem Interoperabilitas\Project Arduino\NanoUIP\build\/lib_uno_16.a(uip.cpp.o)
 .bss._ZL5tmp16
                0x00800644        0x2 E:\bahan mata kuliah politeknik telkom\ganjil 2013-2014\Sistem Interoperabilitas\Project Arduino\NanoUIP\build\/lib_uno_16.a(uip.cpp.o)
 .bss._ZL1c     0x00800646        0x1 E:\bahan mata kuliah politeknik telkom\ganjil 2013-2014\Sistem Interoperabilitas\Project Arduino\NanoUIP\build\/lib_uno_16.a(uip.cpp.o)
 .bss._ZL3opt   0x00800647        0x1 E:\bahan mata kuliah politeknik telkom\ganjil 2013-2014\Sistem Interoperabilitas\Project Arduino\NanoUIP\build\/lib_uno_16.a(uip.cpp.o)
 .bss._ZL4ipid  0x00800648        0x2 E:\bahan mata kuliah politeknik telkom\ganjil 2013-2014\Sistem Interoperabilitas\Project Arduino\NanoUIP\build\/lib_uno_16.a(uip.cpp.o)
 .bss._ZL8lastport
                0x0080064a        0x2 E:\bahan mata kuliah politeknik telkom\ganjil 2013-2014\Sistem Interoperabilitas\Project Arduino\NanoUIP\build\/lib_uno_16.a(uip.cpp.o)
 .bss._ZL9arp_table
                0x0080064c       0x58 E:\bahan mata kuliah politeknik telkom\ganjil 2013-2014\Sistem Interoperabilitas\Project Arduino\NanoUIP\build\/lib_uno_16.a(uip_arp.cpp.o)
 .bss._ZL6ipaddr
                0x008006a4        0x4 E:\bahan mata kuliah politeknik telkom\ganjil 2013-2014\Sistem Interoperabilitas\Project Arduino\NanoUIP\build\/lib_uno_16.a(uip_arp.cpp.o)
 .bss._ZL1i     0x008006a8        0x1 E:\bahan mata kuliah politeknik telkom\ganjil 2013-2014\Sistem Interoperabilitas\Project Arduino\NanoUIP\build\/lib_uno_16.a(uip_arp.cpp.o)
 .bss._ZL7arptime
                0x008006a9        0x1 E:\bahan mata kuliah politeknik telkom\ganjil 2013-2014\Sistem Interoperabilitas\Project Arduino\NanoUIP\build\/lib_uno_16.a(uip_arp.cpp.o)
 .bss._ZL6tmpage
                0x008006aa        0x1 E:\bahan mata kuliah politeknik telkom\ganjil 2013-2014\Sistem Interoperabilitas\Project Arduino\NanoUIP\build\/lib_uno_16.a(uip_arp.cpp.o)
 .bss._ZL1c     0x008006ab        0x1 E:\bahan mata kuliah politeknik telkom\ganjil 2013-2014\Sistem Interoperabilitas\Project Arduino\NanoUIP\build\/lib_uno_16.a(uip_arp.cpp.o)
 .bss._ZL1s     0x008006ac       0x2b E:\bahan mata kuliah politeknik telkom\ganjil 2013-2014\Sistem Interoperabilitas\Project Arduino\NanoUIP\build\/lib_uno_16.a(dhcpc.cpp.o)
 .bss._ZL14gNextPacketPtr
                0x008006d7        0x2 E:\bahan mata kuliah politeknik telkom\ganjil 2013-2014\Sistem Interoperabilitas\Project Arduino\NanoUIP\build\/lib_uno_16.a(enc28j60.cpp.o)
 .bss._ZL12Enc28j60Bank
                0x008006d9        0x1 E:\bahan mata kuliah politeknik telkom\ganjil 2013-2014\Sistem Interoperabilitas\Project Arduino\NanoUIP\build\/lib_uno_16.a(enc28j60.cpp.o)
 .bss.rx_buffer
                0x008006da       0x44 E:\bahan mata kuliah politeknik telkom\ganjil 2013-2014\Sistem Interoperabilitas\Project Arduino\NanoUIP\build\/core_uno_16.a(HardwareSerial.cpp.o)
                0x008006da                rx_buffer
 .bss.tx_buffer
                0x0080071e       0x44 E:\bahan mata kuliah politeknik telkom\ganjil 2013-2014\Sistem Interoperabilitas\Project Arduino\NanoUIP\build\/core_uno_16.a(HardwareSerial.cpp.o)
                0x0080071e                tx_buffer
 .bss.Serial    0x00800762       0x22 E:\bahan mata kuliah politeknik telkom\ganjil 2013-2014\Sistem Interoperabilitas\Project Arduino\NanoUIP\build\/core_uno_16.a(HardwareSerial.cpp.o)
                0x00800762                Serial
 .bss.timer0_overflow_count
                0x00800784        0x4 E:\bahan mata kuliah politeknik telkom\ganjil 2013-2014\Sistem Interoperabilitas\Project Arduino\NanoUIP\build\/core_uno_16.a(wiring.c.o)
                0x00800784                timer0_overflow_count
 .bss.timer0_millis
                0x00800788        0x4 E:\bahan mata kuliah politeknik telkom\ganjil 2013-2014\Sistem Interoperabilitas\Project Arduino\NanoUIP\build\/core_uno_16.a(wiring.c.o)
                0x00800788                timer0_millis
 .bss.timer0_fract
                0x0080078c        0x1 E:\bahan mata kuliah politeknik telkom\ganjil 2013-2014\Sistem Interoperabilitas\Project Arduino\NanoUIP\build\/core_uno_16.a(wiring.c.o)
 *(COMMON)
 COMMON         0x0080078d        0x4 e:/codeblocks-arduino baru/codeblocks/bin/../lib/gcc/avr/4.3.3/../../../../avr/lib/avr5\libc.a(malloc.o)
                0x0080078d                __brkval
                0x0080078f                __flp
 COMMON         0x00800791        0x6 e:/codeblocks-arduino baru/codeblocks/bin/../lib/gcc/avr/4.3.3/../../../../avr/lib/avr5\libc.a(iob.o)
                0x00800791                __iob
                0x00800797                PROVIDE (__bss_end, .)
                0x0000712e                __data_load_start = LOADADDR (.data)
                0x000071d0                __data_load_end = (__data_load_start + SIZEOF (.data))

.noinit         0x00800797        0x0
                0x00800797                PROVIDE (__noinit_start, .)
 *(.noinit*)
                0x00800797                PROVIDE (__noinit_end, .)
                0x00800797                _end = .
                0x00800797                PROVIDE (__heap_start, .)

.eeprom         0x00810000        0x0
 *(.eeprom*)
                0x00810000                __eeprom_end = .

.fuse
 *(.fuse)
 *(.lfuse)
 *(.hfuse)
 *(.efuse)

.lock
 *(.lock*)

.signature
 *(.signature*)

.stab
 *(.stab)

.stabstr
 *(.stabstr)

.stab.excl
 *(.stab.excl)

.stab.exclstr
 *(.stab.exclstr)

.stab.index
 *(.stab.index)

.stab.indexstr
 *(.stab.indexstr)

.comment
 *(.comment)

.debug
 *(.debug)

.line
 *(.line)

.debug_srcinfo
 *(.debug_srcinfo)

.debug_sfnames
 *(.debug_sfnames)

.debug_aranges
 *(.debug_aranges)

.debug_pubnames
 *(.debug_pubnames)

.debug_info
 *(.debug_info)
 *(.gnu.linkonce.wi.*)

.debug_abbrev
 *(.debug_abbrev)

.debug_line
 *(.debug_line)

.debug_frame
 *(.debug_frame)

.debug_str
 *(.debug_str)

.debug_loc
 *(.debug_loc)

.debug_macinfo
 *(.debug_macinfo)
OUTPUT(build\NanoUIP_uno.elf elf32-avr)
LOAD linker stubs

Cross Reference Table

Symbol                                            File
HardwareSerial::HardwareSerial(ring_buffer*, ring_buffer*, unsigned char volatile*, unsigned char volatile*, unsigned char volatile*, unsigned char volatile*, unsigned char volatile*, unsigned char volatile*, unsigned char, unsigned char, unsigned char, unsigned char, unsigned char) E:\bahan mata kuliah politeknik telkom\ganjil 2013-2014\Sistem Interoperabilitas\Project Arduino\NanoUIP\build\/core_uno_16.a(HardwareSerial.cpp.o)
HardwareSerial::HardwareSerial(ring_buffer*, ring_buffer*, unsigned char volatile*, unsigned char volatile*, unsigned char volatile*, unsigned char volatile*, unsigned char volatile*, unsigned char volatile*, unsigned char, unsigned char, unsigned char, unsigned char, unsigned char) E:\bahan mata kuliah politeknik telkom\ganjil 2013-2014\Sistem Interoperabilitas\Project Arduino\NanoUIP\build\/core_uno_16.a(HardwareSerial.cpp.o)
HardwareSerial::available()                       E:\bahan mata kuliah politeknik telkom\ganjil 2013-2014\Sistem Interoperabilitas\Project Arduino\NanoUIP\build\/core_uno_16.a(HardwareSerial.cpp.o)
HardwareSerial::begin(unsigned long)              E:\bahan mata kuliah politeknik telkom\ganjil 2013-2014\Sistem Interoperabilitas\Project Arduino\NanoUIP\build\/core_uno_16.a(HardwareSerial.cpp.o)
                                                  build\NanoUIP.o
HardwareSerial::begin(unsigned long, unsigned char) E:\bahan mata kuliah politeknik telkom\ganjil 2013-2014\Sistem Interoperabilitas\Project Arduino\NanoUIP\build\/core_uno_16.a(HardwareSerial.cpp.o)
HardwareSerial::end()                             E:\bahan mata kuliah politeknik telkom\ganjil 2013-2014\Sistem Interoperabilitas\Project Arduino\NanoUIP\build\/core_uno_16.a(HardwareSerial.cpp.o)
HardwareSerial::flush()                           E:\bahan mata kuliah politeknik telkom\ganjil 2013-2014\Sistem Interoperabilitas\Project Arduino\NanoUIP\build\/core_uno_16.a(HardwareSerial.cpp.o)
                                                  E:\bahan mata kuliah politeknik telkom\ganjil 2013-2014\Sistem Interoperabilitas\Project Arduino\NanoUIP\build\/lib_uno_16.a(NanodeUIP.cpp.o)
HardwareSerial::operator bool()                   E:\bahan mata kuliah politeknik telkom\ganjil 2013-2014\Sistem Interoperabilitas\Project Arduino\NanoUIP\build\/core_uno_16.a(HardwareSerial.cpp.o)
HardwareSerial::peek()                            E:\bahan mata kuliah politeknik telkom\ganjil 2013-2014\Sistem Interoperabilitas\Project Arduino\NanoUIP\build\/core_uno_16.a(HardwareSerial.cpp.o)
HardwareSerial::read()                            E:\bahan mata kuliah politeknik telkom\ganjil 2013-2014\Sistem Interoperabilitas\Project Arduino\NanoUIP\build\/core_uno_16.a(HardwareSerial.cpp.o)
HardwareSerial::write(unsigned char)              E:\bahan mata kuliah politeknik telkom\ganjil 2013-2014\Sistem Interoperabilitas\Project Arduino\NanoUIP\build\/core_uno_16.a(HardwareSerial.cpp.o)
                                                  build\NanoUIP.o
NanodeUIP::NanodeUIP()                            E:\bahan mata kuliah politeknik telkom\ganjil 2013-2014\Sistem Interoperabilitas\Project Arduino\NanoUIP\build\/lib_uno_16.a(NanodeUIP.cpp.o)
NanodeUIP::NanodeUIP()                            E:\bahan mata kuliah politeknik telkom\ganjil 2013-2014\Sistem Interoperabilitas\Project Arduino\NanoUIP\build\/lib_uno_16.a(NanodeUIP.cpp.o)
NanodeUIP::format_ipaddr(char*, unsigned int*)    E:\bahan mata kuliah politeknik telkom\ganjil 2013-2014\Sistem Interoperabilitas\Project Arduino\NanoUIP\build\/lib_uno_16.a(NanodeUIP.cpp.o)
NanodeUIP::get_gateway_str(char*)                 E:\bahan mata kuliah politeknik telkom\ganjil 2013-2014\Sistem Interoperabilitas\Project Arduino\NanoUIP\build\/lib_uno_16.a(NanodeUIP.cpp.o)
NanodeUIP::get_ip_addr_str(char*)                 E:\bahan mata kuliah politeknik telkom\ganjil 2013-2014\Sistem Interoperabilitas\Project Arduino\NanoUIP\build\/lib_uno_16.a(NanodeUIP.cpp.o)
                                                  build\NanoUIP.o
NanodeUIP::get_mac_str(char*)                     E:\bahan mata kuliah politeknik telkom\ganjil 2013-2014\Sistem Interoperabilitas\Project Arduino\NanoUIP\build\/lib_uno_16.a(NanodeUIP.cpp.o)
                                                  build\NanoUIP.o
NanodeUIP::get_netmask_str(char*)                 E:\bahan mata kuliah politeknik telkom\ganjil 2013-2014\Sistem Interoperabilitas\Project Arduino\NanoUIP\build\/lib_uno_16.a(NanodeUIP.cpp.o)
NanodeUIP::init(unsigned char const*, unsigned char) E:\bahan mata kuliah politeknik telkom\ganjil 2013-2014\Sistem Interoperabilitas\Project Arduino\NanoUIP\build\/lib_uno_16.a(NanodeUIP.cpp.o)
                                                  build\NanoUIP.o
NanodeUIP::init_resolv(void (*)(char*, unsigned int*)) E:\bahan mata kuliah politeknik telkom\ganjil 2013-2014\Sistem Interoperabilitas\Project Arduino\NanoUIP\build\/lib_uno_16.a(NanodeUIP.cpp.o)
NanodeUIP::link_is_up()                           E:\bahan mata kuliah politeknik telkom\ganjil 2013-2014\Sistem Interoperabilitas\Project Arduino\NanoUIP\build\/lib_uno_16.a(NanodeUIP.cpp.o)
NanodeUIP::poll()                                 E:\bahan mata kuliah politeknik telkom\ganjil 2013-2014\Sistem Interoperabilitas\Project Arduino\NanoUIP\build\/lib_uno_16.a(NanodeUIP.cpp.o)
                                                  build\NanoUIP.o
NanodeUIP::query_name(char const*)                E:\bahan mata kuliah politeknik telkom\ganjil 2013-2014\Sistem Interoperabilitas\Project Arduino\NanoUIP\build\/lib_uno_16.a(NanodeUIP.cpp.o)
NanodeUIP::set_gateway_addr(unsigned char, unsigned char, unsigned char, unsigned char) E:\bahan mata kuliah politeknik telkom\ganjil 2013-2014\Sistem Interoperabilitas\Project Arduino\NanoUIP\build\/lib_uno_16.a(NanodeUIP.cpp.o)
NanodeUIP::set_ip_addr(unsigned char, unsigned char, unsigned char, unsigned char) E:\bahan mata kuliah politeknik telkom\ganjil 2013-2014\Sistem Interoperabilitas\Project Arduino\NanoUIP\build\/lib_uno_16.a(NanodeUIP.cpp.o)
NanodeUIP::set_nameserver_addr(unsigned char, unsigned char, unsigned char, unsigned char) E:\bahan mata kuliah politeknik telkom\ganjil 2013-2014\Sistem Interoperabilitas\Project Arduino\NanoUIP\build\/lib_uno_16.a(NanodeUIP.cpp.o)
NanodeUIP::set_netmask(unsigned char, unsigned char, unsigned char, unsigned char) E:\bahan mata kuliah politeknik telkom\ganjil 2013-2014\Sistem Interoperabilitas\Project Arduino\NanoUIP\build\/lib_uno_16.a(NanodeUIP.cpp.o)
NanodeUIP::start_dhcp(void (*)(int, unsigned int const*)) E:\bahan mata kuliah politeknik telkom\ganjil 2013-2014\Sistem Interoperabilitas\Project Arduino\NanoUIP\build\/lib_uno_16.a(NanodeUIP.cpp.o)
                                                  build\NanoUIP.o
NanodeUIP::wait_for_link()                        E:\bahan mata kuliah politeknik telkom\ganjil 2013-2014\Sistem Interoperabilitas\Project Arduino\NanoUIP\build\/lib_uno_16.a(NanodeUIP.cpp.o)
                                                  build\NanoUIP.o
Print::print(Printable const&)                    E:\bahan mata kuliah politeknik telkom\ganjil 2013-2014\Sistem Interoperabilitas\Project Arduino\NanoUIP\build\/core_uno_16.a(Print.cpp.o)
Print::print(String const&)                       E:\bahan mata kuliah politeknik telkom\ganjil 2013-2014\Sistem Interoperabilitas\Project Arduino\NanoUIP\build\/core_uno_16.a(Print.cpp.o)
Print::print(__FlashStringHelper const*)          E:\bahan mata kuliah politeknik telkom\ganjil 2013-2014\Sistem Interoperabilitas\Project Arduino\NanoUIP\build\/core_uno_16.a(Print.cpp.o)
Print::print(char const*)                         E:\bahan mata kuliah politeknik telkom\ganjil 2013-2014\Sistem Interoperabilitas\Project Arduino\NanoUIP\build\/core_uno_16.a(Print.cpp.o)
Print::print(char)                                E:\bahan mata kuliah politeknik telkom\ganjil 2013-2014\Sistem Interoperabilitas\Project Arduino\NanoUIP\build\/core_uno_16.a(Print.cpp.o)
                                                  build\httpd_fs.o
Print::print(double, int)                         E:\bahan mata kuliah politeknik telkom\ganjil 2013-2014\Sistem Interoperabilitas\Project Arduino\NanoUIP\build\/core_uno_16.a(Print.cpp.o)
Print::print(int, int)                            E:\bahan mata kuliah politeknik telkom\ganjil 2013-2014\Sistem Interoperabilitas\Project Arduino\NanoUIP\build\/core_uno_16.a(Print.cpp.o)
Print::print(long, int)                           E:\bahan mata kuliah politeknik telkom\ganjil 2013-2014\Sistem Interoperabilitas\Project Arduino\NanoUIP\build\/core_uno_16.a(Print.cpp.o)
Print::print(unsigned char, int)                  E:\bahan mata kuliah politeknik telkom\ganjil 2013-2014\Sistem Interoperabilitas\Project Arduino\NanoUIP\build\/core_uno_16.a(Print.cpp.o)
Print::print(unsigned int, int)                   E:\bahan mata kuliah politeknik telkom\ganjil 2013-2014\Sistem Interoperabilitas\Project Arduino\NanoUIP\build\/core_uno_16.a(Print.cpp.o)
Print::print(unsigned long, int)                  E:\bahan mata kuliah politeknik telkom\ganjil 2013-2014\Sistem Interoperabilitas\Project Arduino\NanoUIP\build\/core_uno_16.a(Print.cpp.o)
Print::printFloat(double, unsigned char)          E:\bahan mata kuliah politeknik telkom\ganjil 2013-2014\Sistem Interoperabilitas\Project Arduino\NanoUIP\build\/core_uno_16.a(Print.cpp.o)
Print::printNumber(unsigned long, unsigned char)  E:\bahan mata kuliah politeknik telkom\ganjil 2013-2014\Sistem Interoperabilitas\Project Arduino\NanoUIP\build\/core_uno_16.a(Print.cpp.o)
Print::println()                                  E:\bahan mata kuliah politeknik telkom\ganjil 2013-2014\Sistem Interoperabilitas\Project Arduino\NanoUIP\build\/core_uno_16.a(Print.cpp.o)
                                                  build\httpd_fs.o
Print::println(Printable const&)                  E:\bahan mata kuliah politeknik telkom\ganjil 2013-2014\Sistem Interoperabilitas\Project Arduino\NanoUIP\build\/core_uno_16.a(Print.cpp.o)
Print::println(String const&)                     E:\bahan mata kuliah politeknik telkom\ganjil 2013-2014\Sistem Interoperabilitas\Project Arduino\NanoUIP\build\/core_uno_16.a(Print.cpp.o)
Print::println(__FlashStringHelper const*)        E:\bahan mata kuliah politeknik telkom\ganjil 2013-2014\Sistem Interoperabilitas\Project Arduino\NanoUIP\build\/core_uno_16.a(Print.cpp.o)
Print::println(char const*)                       E:\bahan mata kuliah politeknik telkom\ganjil 2013-2014\Sistem Interoperabilitas\Project Arduino\NanoUIP\build\/core_uno_16.a(Print.cpp.o)
                                                  E:\bahan mata kuliah politeknik telkom\ganjil 2013-2014\Sistem Interoperabilitas\Project Arduino\NanoUIP\build\/lib_uno_16.a(NanodeUIP.cpp.o)
Print::println(char)                              E:\bahan mata kuliah politeknik telkom\ganjil 2013-2014\Sistem Interoperabilitas\Project Arduino\NanoUIP\build\/core_uno_16.a(Print.cpp.o)
Print::println(double, int)                       E:\bahan mata kuliah politeknik telkom\ganjil 2013-2014\Sistem Interoperabilitas\Project Arduino\NanoUIP\build\/core_uno_16.a(Print.cpp.o)
Print::println(int, int)                          E:\bahan mata kuliah politeknik telkom\ganjil 2013-2014\Sistem Interoperabilitas\Project Arduino\NanoUIP\build\/core_uno_16.a(Print.cpp.o)
Print::println(long, int)                         E:\bahan mata kuliah politeknik telkom\ganjil 2013-2014\Sistem Interoperabilitas\Project Arduino\NanoUIP\build\/core_uno_16.a(Print.cpp.o)
Print::println(unsigned char, int)                E:\bahan mata kuliah politeknik telkom\ganjil 2013-2014\Sistem Interoperabilitas\Project Arduino\NanoUIP\build\/core_uno_16.a(Print.cpp.o)
Print::println(unsigned int, int)                 E:\bahan mata kuliah politeknik telkom\ganjil 2013-2014\Sistem Interoperabilitas\Project Arduino\NanoUIP\build\/core_uno_16.a(Print.cpp.o)
Print::println(unsigned long, int)                E:\bahan mata kuliah politeknik telkom\ganjil 2013-2014\Sistem Interoperabilitas\Project Arduino\NanoUIP\build\/core_uno_16.a(Print.cpp.o)
Print::write(char const*)                         E:\bahan mata kuliah politeknik telkom\ganjil 2013-2014\Sistem Interoperabilitas\Project Arduino\NanoUIP\build\/core_uno_16.a(Print.cpp.o)
Print::write(unsigned char const*, unsigned int)  E:\bahan mata kuliah politeknik telkom\ganjil 2013-2014\Sistem Interoperabilitas\Project Arduino\NanoUIP\build\/core_uno_16.a(Print.cpp.o)
                                                  E:\bahan mata kuliah politeknik telkom\ganjil 2013-2014\Sistem Interoperabilitas\Project Arduino\NanoUIP\build\/core_uno_16.a(HardwareSerial.cpp.o)
Serial                                            E:\bahan mata kuliah politeknik telkom\ganjil 2013-2014\Sistem Interoperabilitas\Project Arduino\NanoUIP\build\/core_uno_16.a(HardwareSerial.cpp.o)
                                                  E:\bahan mata kuliah politeknik telkom\ganjil 2013-2014\Sistem Interoperabilitas\Project Arduino\NanoUIP\build\/lib_uno_16.a(NanodeUIP.cpp.o)
                                                  build\NanoUIP.o
                                                  build\httpd_fs.o
String::String(String const&)                     E:\bahan mata kuliah politeknik telkom\ganjil 2013-2014\Sistem Interoperabilitas\Project Arduino\NanoUIP\build\/core_uno_16.a(WString.cpp.o)
String::String(String const&)                     E:\bahan mata kuliah politeknik telkom\ganjil 2013-2014\Sistem Interoperabilitas\Project Arduino\NanoUIP\build\/core_uno_16.a(WString.cpp.o)
String::String(char const*)                       E:\bahan mata kuliah politeknik telkom\ganjil 2013-2014\Sistem Interoperabilitas\Project Arduino\NanoUIP\build\/core_uno_16.a(WString.cpp.o)
String::String(char const*)                       E:\bahan mata kuliah politeknik telkom\ganjil 2013-2014\Sistem Interoperabilitas\Project Arduino\NanoUIP\build\/core_uno_16.a(WString.cpp.o)
String::String(char)                              E:\bahan mata kuliah politeknik telkom\ganjil 2013-2014\Sistem Interoperabilitas\Project Arduino\NanoUIP\build\/core_uno_16.a(WString.cpp.o)
String::String(char)                              E:\bahan mata kuliah politeknik telkom\ganjil 2013-2014\Sistem Interoperabilitas\Project Arduino\NanoUIP\build\/core_uno_16.a(WString.cpp.o)
String::String(int, unsigned char)                E:\bahan mata kuliah politeknik telkom\ganjil 2013-2014\Sistem Interoperabilitas\Project Arduino\NanoUIP\build\/core_uno_16.a(WString.cpp.o)
String::String(int, unsigned char)                E:\bahan mata kuliah politeknik telkom\ganjil 2013-2014\Sistem Interoperabilitas\Project Arduino\NanoUIP\build\/core_uno_16.a(WString.cpp.o)
String::String(long, unsigned char)               E:\bahan mata kuliah politeknik telkom\ganjil 2013-2014\Sistem Interoperabilitas\Project Arduino\NanoUIP\build\/core_uno_16.a(WString.cpp.o)
String::String(long, unsigned char)               E:\bahan mata kuliah politeknik telkom\ganjil 2013-2014\Sistem Interoperabilitas\Project Arduino\NanoUIP\build\/core_uno_16.a(WString.cpp.o)
String::String(unsigned char, unsigned char)      E:\bahan mata kuliah politeknik telkom\ganjil 2013-2014\Sistem Interoperabilitas\Project Arduino\NanoUIP\build\/core_uno_16.a(WString.cpp.o)
String::String(unsigned char, unsigned char)      E:\bahan mata kuliah politeknik telkom\ganjil 2013-2014\Sistem Interoperabilitas\Project Arduino\NanoUIP\build\/core_uno_16.a(WString.cpp.o)
String::String(unsigned int, unsigned char)       E:\bahan mata kuliah politeknik telkom\ganjil 2013-2014\Sistem Interoperabilitas\Project Arduino\NanoUIP\build\/core_uno_16.a(WString.cpp.o)
String::String(unsigned int, unsigned char)       E:\bahan mata kuliah politeknik telkom\ganjil 2013-2014\Sistem Interoperabilitas\Project Arduino\NanoUIP\build\/core_uno_16.a(WString.cpp.o)
String::String(unsigned long, unsigned char)      E:\bahan mata kuliah politeknik telkom\ganjil 2013-2014\Sistem Interoperabilitas\Project Arduino\NanoUIP\build\/core_uno_16.a(WString.cpp.o)
String::String(unsigned long, unsigned char)      E:\bahan mata kuliah politeknik telkom\ganjil 2013-2014\Sistem Interoperabilitas\Project Arduino\NanoUIP\build\/core_uno_16.a(WString.cpp.o)
String::changeBuffer(unsigned int)                E:\bahan mata kuliah politeknik telkom\ganjil 2013-2014\Sistem Interoperabilitas\Project Arduino\NanoUIP\build\/core_uno_16.a(WString.cpp.o)
String::charAt(unsigned int) const                E:\bahan mata kuliah politeknik telkom\ganjil 2013-2014\Sistem Interoperabilitas\Project Arduino\NanoUIP\build\/core_uno_16.a(WString.cpp.o)
String::compareTo(String const&) const            E:\bahan mata kuliah politeknik telkom\ganjil 2013-2014\Sistem Interoperabilitas\Project Arduino\NanoUIP\build\/core_uno_16.a(WString.cpp.o)
String::concat(String const&)                     E:\bahan mata kuliah politeknik telkom\ganjil 2013-2014\Sistem Interoperabilitas\Project Arduino\NanoUIP\build\/core_uno_16.a(WString.cpp.o)
String::concat(char const*)                       E:\bahan mata kuliah politeknik telkom\ganjil 2013-2014\Sistem Interoperabilitas\Project Arduino\NanoUIP\build\/core_uno_16.a(WString.cpp.o)
String::concat(char const*, unsigned int)         E:\bahan mata kuliah politeknik telkom\ganjil 2013-2014\Sistem Interoperabilitas\Project Arduino\NanoUIP\build\/core_uno_16.a(WString.cpp.o)
String::concat(char)                              E:\bahan mata kuliah politeknik telkom\ganjil 2013-2014\Sistem Interoperabilitas\Project Arduino\NanoUIP\build\/core_uno_16.a(WString.cpp.o)
String::concat(int)                               E:\bahan mata kuliah politeknik telkom\ganjil 2013-2014\Sistem Interoperabilitas\Project Arduino\NanoUIP\build\/core_uno_16.a(WString.cpp.o)
String::concat(long)                              E:\bahan mata kuliah politeknik telkom\ganjil 2013-2014\Sistem Interoperabilitas\Project Arduino\NanoUIP\build\/core_uno_16.a(WString.cpp.o)
String::concat(unsigned char)                     E:\bahan mata kuliah politeknik telkom\ganjil 2013-2014\Sistem Interoperabilitas\Project Arduino\NanoUIP\build\/core_uno_16.a(WString.cpp.o)
String::concat(unsigned int)                      E:\bahan mata kuliah politeknik telkom\ganjil 2013-2014\Sistem Interoperabilitas\Project Arduino\NanoUIP\build\/core_uno_16.a(WString.cpp.o)
String::concat(unsigned long)                     E:\bahan mata kuliah politeknik telkom\ganjil 2013-2014\Sistem Interoperabilitas\Project Arduino\NanoUIP\build\/core_uno_16.a(WString.cpp.o)
String::copy(char const*, unsigned int)           E:\bahan mata kuliah politeknik telkom\ganjil 2013-2014\Sistem Interoperabilitas\Project Arduino\NanoUIP\build\/core_uno_16.a(WString.cpp.o)
String::endsWith(String const&) const             E:\bahan mata kuliah politeknik telkom\ganjil 2013-2014\Sistem Interoperabilitas\Project Arduino\NanoUIP\build\/core_uno_16.a(WString.cpp.o)
String::equals(String const&) const               E:\bahan mata kuliah politeknik telkom\ganjil 2013-2014\Sistem Interoperabilitas\Project Arduino\NanoUIP\build\/core_uno_16.a(WString.cpp.o)
String::equals(char const*) const                 E:\bahan mata kuliah politeknik telkom\ganjil 2013-2014\Sistem Interoperabilitas\Project Arduino\NanoUIP\build\/core_uno_16.a(WString.cpp.o)
String::equalsIgnoreCase(String const&) const     E:\bahan mata kuliah politeknik telkom\ganjil 2013-2014\Sistem Interoperabilitas\Project Arduino\NanoUIP\build\/core_uno_16.a(WString.cpp.o)
String::getBytes(unsigned char*, unsigned int, unsigned int) const E:\bahan mata kuliah politeknik telkom\ganjil 2013-2014\Sistem Interoperabilitas\Project Arduino\NanoUIP\build\/core_uno_16.a(WString.cpp.o)
String::indexOf(String const&) const              E:\bahan mata kuliah politeknik telkom\ganjil 2013-2014\Sistem Interoperabilitas\Project Arduino\NanoUIP\build\/core_uno_16.a(WString.cpp.o)
String::indexOf(String const&, unsigned int) const E:\bahan mata kuliah politeknik telkom\ganjil 2013-2014\Sistem Interoperabilitas\Project Arduino\NanoUIP\build\/core_uno_16.a(WString.cpp.o)
String::indexOf(char) const                       E:\bahan mata kuliah politeknik telkom\ganjil 2013-2014\Sistem Interoperabilitas\Project Arduino\NanoUIP\build\/core_uno_16.a(WString.cpp.o)
String::indexOf(char, unsigned int) const         E:\bahan mata kuliah politeknik telkom\ganjil 2013-2014\Sistem Interoperabilitas\Project Arduino\NanoUIP\build\/core_uno_16.a(WString.cpp.o)
String::invalidate()                              E:\bahan mata kuliah politeknik telkom\ganjil 2013-2014\Sistem Interoperabilitas\Project Arduino\NanoUIP\build\/core_uno_16.a(WString.cpp.o)
String::lastIndexOf(String const&) const          E:\bahan mata kuliah politeknik telkom\ganjil 2013-2014\Sistem Interoperabilitas\Project Arduino\NanoUIP\build\/core_uno_16.a(WString.cpp.o)
String::lastIndexOf(String const&, unsigned int) const E:\bahan mata kuliah politeknik telkom\ganjil 2013-2014\Sistem Interoperabilitas\Project Arduino\NanoUIP\build\/core_uno_16.a(WString.cpp.o)
String::lastIndexOf(char) const                   E:\bahan mata kuliah politeknik telkom\ganjil 2013-2014\Sistem Interoperabilitas\Project Arduino\NanoUIP\build\/core_uno_16.a(WString.cpp.o)
String::lastIndexOf(char, unsigned int) const     E:\bahan mata kuliah politeknik telkom\ganjil 2013-2014\Sistem Interoperabilitas\Project Arduino\NanoUIP\build\/core_uno_16.a(WString.cpp.o)
String::operator<(String const&) const            E:\bahan mata kuliah politeknik telkom\ganjil 2013-2014\Sistem Interoperabilitas\Project Arduino\NanoUIP\build\/core_uno_16.a(WString.cpp.o)
String::operator<=(String const&) const           E:\bahan mata kuliah politeknik telkom\ganjil 2013-2014\Sistem Interoperabilitas\Project Arduino\NanoUIP\build\/core_uno_16.a(WString.cpp.o)
String::operator=(String const&)                  E:\bahan mata kuliah politeknik telkom\ganjil 2013-2014\Sistem Interoperabilitas\Project Arduino\NanoUIP\build\/core_uno_16.a(WString.cpp.o)
String::operator=(char const*)                    E:\bahan mata kuliah politeknik telkom\ganjil 2013-2014\Sistem Interoperabilitas\Project Arduino\NanoUIP\build\/core_uno_16.a(WString.cpp.o)
String::operator>(String const&) const            E:\bahan mata kuliah politeknik telkom\ganjil 2013-2014\Sistem Interoperabilitas\Project Arduino\NanoUIP\build\/core_uno_16.a(WString.cpp.o)
String::operator>=(String const&) const           E:\bahan mata kuliah politeknik telkom\ganjil 2013-2014\Sistem Interoperabilitas\Project Arduino\NanoUIP\build\/core_uno_16.a(WString.cpp.o)
String::operator[](unsigned int)                  E:\bahan mata kuliah politeknik telkom\ganjil 2013-2014\Sistem Interoperabilitas\Project Arduino\NanoUIP\build\/core_uno_16.a(WString.cpp.o)
String::operator[](unsigned int) const            E:\bahan mata kuliah politeknik telkom\ganjil 2013-2014\Sistem Interoperabilitas\Project Arduino\NanoUIP\build\/core_uno_16.a(WString.cpp.o)
                                                  E:\bahan mata kuliah politeknik telkom\ganjil 2013-2014\Sistem Interoperabilitas\Project Arduino\NanoUIP\build\/core_uno_16.a(Print.cpp.o)
String::replace(String const&, String const&)     E:\bahan mata kuliah politeknik telkom\ganjil 2013-2014\Sistem Interoperabilitas\Project Arduino\NanoUIP\build\/core_uno_16.a(WString.cpp.o)
String::replace(char, char)                       E:\bahan mata kuliah politeknik telkom\ganjil 2013-2014\Sistem Interoperabilitas\Project Arduino\NanoUIP\build\/core_uno_16.a(WString.cpp.o)
String::reserve(unsigned int)                     E:\bahan mata kuliah politeknik telkom\ganjil 2013-2014\Sistem Interoperabilitas\Project Arduino\NanoUIP\build\/core_uno_16.a(WString.cpp.o)
String::setCharAt(unsigned int, char)             E:\bahan mata kuliah politeknik telkom\ganjil 2013-2014\Sistem Interoperabilitas\Project Arduino\NanoUIP\build\/core_uno_16.a(WString.cpp.o)
String::startsWith(String const&) const           E:\bahan mata kuliah politeknik telkom\ganjil 2013-2014\Sistem Interoperabilitas\Project Arduino\NanoUIP\build\/core_uno_16.a(WString.cpp.o)
String::startsWith(String const&, unsigned int) const E:\bahan mata kuliah politeknik telkom\ganjil 2013-2014\Sistem Interoperabilitas\Project Arduino\NanoUIP\build\/core_uno_16.a(WString.cpp.o)
String::substring(unsigned int) const             E:\bahan mata kuliah politeknik telkom\ganjil 2013-2014\Sistem Interoperabilitas\Project Arduino\NanoUIP\build\/core_uno_16.a(WString.cpp.o)
String::substring(unsigned int, unsigned int) const E:\bahan mata kuliah politeknik telkom\ganjil 2013-2014\Sistem Interoperabilitas\Project Arduino\NanoUIP\build\/core_uno_16.a(WString.cpp.o)
String::toInt() const                             E:\bahan mata kuliah politeknik telkom\ganjil 2013-2014\Sistem Interoperabilitas\Project Arduino\NanoUIP\build\/core_uno_16.a(WString.cpp.o)
String::toLowerCase()                             E:\bahan mata kuliah politeknik telkom\ganjil 2013-2014\Sistem Interoperabilitas\Project Arduino\NanoUIP\build\/core_uno_16.a(WString.cpp.o)
String::toUpperCase()                             E:\bahan mata kuliah politeknik telkom\ganjil 2013-2014\Sistem Interoperabilitas\Project Arduino\NanoUIP\build\/core_uno_16.a(WString.cpp.o)
String::trim()                                    E:\bahan mata kuliah politeknik telkom\ganjil 2013-2014\Sistem Interoperabilitas\Project Arduino\NanoUIP\build\/core_uno_16.a(WString.cpp.o)
String::~String()                                 E:\bahan mata kuliah politeknik telkom\ganjil 2013-2014\Sistem Interoperabilitas\Project Arduino\NanoUIP\build\/core_uno_16.a(WString.cpp.o)
String::~String()                                 E:\bahan mata kuliah politeknik telkom\ganjil 2013-2014\Sistem Interoperabilitas\Project Arduino\NanoUIP\build\/core_uno_16.a(WString.cpp.o)
__addsf3                                          e:/codeblocks-arduino baru/codeblocks/bin/../lib/gcc/avr/4.3.3/../../../../avr/lib/avr5\libm.a(addsf3.o)
                                                  E:\bahan mata kuliah politeknik telkom\ganjil 2013-2014\Sistem Interoperabilitas\Project Arduino\NanoUIP\build\/core_uno_16.a(Print.cpp.o)
__addsf3x                                         e:/codeblocks-arduino baru/codeblocks/bin/../lib/gcc/avr/4.3.3/../../../../avr/lib/avr5\libm.a(addsf3x.o)
                                                  e:/codeblocks-arduino baru/codeblocks/bin/../lib/gcc/avr/4.3.3/../../../../avr/lib/avr5\libm.a(addsf3.o)
__bad_interrupt                                   e:/codeblocks-arduino baru/codeblocks/bin/../lib/gcc/avr/4.3.3/../../../../avr/lib/avr5/crtm328p.o
__brkval                                          e:/codeblocks-arduino baru/codeblocks/bin/../lib/gcc/avr/4.3.3/../../../../avr/lib/avr5\libc.a(realloc.o)
                                                  e:/codeblocks-arduino baru/codeblocks/bin/../lib/gcc/avr/4.3.3/../../../../avr/lib/avr5\libc.a(malloc.o)
__bss_end                                         e:/codeblocks-arduino baru/codeblocks/bin/../lib/gcc/avr/4.3.3/avr5\libgcc.a(_clear_bss.o)
__bss_start                                       e:/codeblocks-arduino baru/codeblocks/bin/../lib/gcc/avr/4.3.3/avr5\libgcc.a(_clear_bss.o)
__cmpsf2                                          e:/codeblocks-arduino baru/codeblocks/bin/../lib/gcc/avr/4.3.3/../../../../avr/lib/avr5\libm.a(cmpsf2.o)
__ctors_end                                       e:/codeblocks-arduino baru/codeblocks/bin/../lib/gcc/avr/4.3.3/avr5\libgcc.a(_ctors.o)
__ctors_start                                     e:/codeblocks-arduino baru/codeblocks/bin/../lib/gcc/avr/4.3.3/avr5\libgcc.a(_ctors.o)
__ctype_isfalse                                   e:/codeblocks-arduino baru/codeblocks/bin/../lib/gcc/avr/4.3.3/../../../../avr/lib/avr5\libc.a(cty_isfalse.o)
                                                  e:/codeblocks-arduino baru/codeblocks/bin/../lib/gcc/avr/4.3.3/../../../../avr/lib/avr5\libc.a(isspace.o)
__ctype_istrue                                    e:/codeblocks-arduino baru/codeblocks/bin/../lib/gcc/avr/4.3.3/../../../../avr/lib/avr5\libc.a(cty_isfalse.o)
__cxa_guard_abort                                 E:\bahan mata kuliah politeknik telkom\ganjil 2013-2014\Sistem Interoperabilitas\Project Arduino\NanoUIP\build\/core_uno_16.a(new.cpp.o)
__cxa_guard_acquire                               E:\bahan mata kuliah politeknik telkom\ganjil 2013-2014\Sistem Interoperabilitas\Project Arduino\NanoUIP\build\/core_uno_16.a(new.cpp.o)
__cxa_guard_release                               E:\bahan mata kuliah politeknik telkom\ganjil 2013-2014\Sistem Interoperabilitas\Project Arduino\NanoUIP\build\/core_uno_16.a(new.cpp.o)
__cxa_pure_virtual                                E:\bahan mata kuliah politeknik telkom\ganjil 2013-2014\Sistem Interoperabilitas\Project Arduino\NanoUIP\build\/core_uno_16.a(new.cpp.o)
                                                  E:\bahan mata kuliah politeknik telkom\ganjil 2013-2014\Sistem Interoperabilitas\Project Arduino\NanoUIP\build\/core_uno_16.a(Print.cpp.o)
                                                  E:\bahan mata kuliah politeknik telkom\ganjil 2013-2014\Sistem Interoperabilitas\Project Arduino\NanoUIP\build\/core_uno_16.a(HardwareSerial.cpp.o)
__data_end                                        e:/codeblocks-arduino baru/codeblocks/bin/../lib/gcc/avr/4.3.3/avr5\libgcc.a(_copy_data.o)
__data_load_start                                 e:/codeblocks-arduino baru/codeblocks/bin/../lib/gcc/avr/4.3.3/avr5\libgcc.a(_copy_data.o)
__data_start                                      e:/codeblocks-arduino baru/codeblocks/bin/../lib/gcc/avr/4.3.3/avr5\libgcc.a(_copy_data.o)
__divsf3                                          e:/codeblocks-arduino baru/codeblocks/bin/../lib/gcc/avr/4.3.3/../../../../avr/lib/avr5\libm.a(divsf3.o)
                                                  E:\bahan mata kuliah politeknik telkom\ganjil 2013-2014\Sistem Interoperabilitas\Project Arduino\NanoUIP\build\/core_uno_16.a(Print.cpp.o)
__divsf3_pse                                      e:/codeblocks-arduino baru/codeblocks/bin/../lib/gcc/avr/4.3.3/../../../../avr/lib/avr5\libm.a(divsf3x.o)
__divsf3x                                         e:/codeblocks-arduino baru/codeblocks/bin/../lib/gcc/avr/4.3.3/../../../../avr/lib/avr5\libm.a(divsf3x.o)
                                                  e:/codeblocks-arduino baru/codeblocks/bin/../lib/gcc/avr/4.3.3/../../../../avr/lib/avr5\libm.a(divsf3.o)
__do_clear_bss                                    e:/codeblocks-arduino baru/codeblocks/bin/../lib/gcc/avr/4.3.3/avr5\libgcc.a(_clear_bss.o)